D:\Downloads\frdmk22f_NXPCup\CMSIS/core_cm4.h:1684:22:__NVIC_EnableIRQ	16	static
D:\Downloads\frdmk22f_NXPCup\CMSIS/core_cm4.h:1814:22:__NVIC_SetPriority	16	static
D:\Downloads\frdmk22f_NXPCup\CMSIS/core_cm4.h:2022:26:SysTick_Config	16	static
D:\Downloads\frdmk22f_NXPCup\drivers/fsl_common_arm.h:570:24:EnableIRQ	24	static
D:\Downloads\frdmk22f_NXPCup\drivers/fsl_port.h:528:20:PORT_SetPinInterruptConfig	24	static
D:\Downloads\frdmk22f_NXPCup\drivers/fsl_gpio.h:329:20:GPIO_PinWrite	24	static
D:\Downloads\frdmk22f_NXPCup\drivers/fsl_gpio.h:411:24:GPIO_PinRead	16	static
D:\Downloads\frdmk22f_NXPCup\drivers/fsl_ftm.h:443:36:FTM_CalculateCounterClkDiv	32	static
D:\Downloads\frdmk22f_NXPCup\drivers/fsl_ftm.h:737:20:FTM_StartTimer	24	static
D:\Downloads\frdmk22f_NXPCup\drivers/fsl_ftm.h:1033:20:FTM_SetSoftwareTrigger	16	static
D:\Downloads\frdmk22f_NXPCup\drivers/fsl_adc16.h:367:20:ADC16_EnableHardwareTrigger	16	static
D:\Downloads\frdmk22f_NXPCup\drivers/fsl_adc16.h:512:24:ADC16_GetChannelConversionValue	16	static
../source/main.c:204:6:SysTick_Handler	4	static
../source/main.c:209:6:init_delay	8	static
../source/main.c:213:6:delay_us	16	static
../source/main.c:220:6:turn	24	static
../source/main.c:263:6:motorBreak	8	static
../source/main.c:271:6:startUpSpeed	16	static
../source/main.c:283:6:UpdatePwmDutycycleTurn	16	static
../source/main.c:303:6:UpdatePwmDutycycleSpeed	16	static
../source/main.c:338:6:FTM2_IRQHandler	8	static
../source/main.c:344:6:FTM0_IRQHandler	8	static
../source/main.c:350:6:PORTC_IRQHandler	16	static
../source/main.c:374:6:sendTrigger	8	static
../source/main.c:382:5:readFilteredADC	24	static
../source/main.c:390:6:clockPulse	8	static
../source/main.c:396:6:initADC	8	static
../source/main.c:410:5:readADC	8	static
../source/main.c:422:6:detectTrack	56	static
../source/main.c:529:5:adjustDirection	24	static
../source/main.c:535:5:getErrorFromCamera	32	static
../source/main.c:590:6:setupCamera	16	static
../source/main.c:607:5:main	184	static
