Archive member included to satisfy reference by file (symbol)

C:/nxp/MCUXpressoIDE_24.12.148/ide/plugins/com.nxp.mcuxpresso.tools.win32_24.12.0.202407110909/tools/bin/../lib/gcc/arm-none-eabi/13.2.1/../../../../arm-none-eabi/lib/thumb/v7e-m+fp/hard\libcr_nohost_nf.a(_cr__main.o)
                              ./startup/startup_mk22f51212.o (__main)
C:/nxp/MCUXpressoIDE_24.12.148/ide/plugins/com.nxp.mcuxpresso.tools.win32_24.12.0.202407110909/tools/bin/../lib/gcc/arm-none-eabi/13.2.1/../../../../arm-none-eabi/lib/thumb/v7e-m+fp/hard\libcr_c.a(memset.o)
                              ./drivers/fsl_adc16.o (memset)
C:/nxp/MCUXpressoIDE_24.12.148/ide/plugins/com.nxp.mcuxpresso.tools.win32_24.12.0.202407110909/tools/bin/../lib/gcc/arm-none-eabi/13.2.1/../../../../arm-none-eabi/lib/thumb/v7e-m+fp/hard\libcr_c.a(alloc.o)
                              ./drivers/fsl_common.o (malloc)
C:/nxp/MCUXpressoIDE_24.12.148/ide/plugins/com.nxp.mcuxpresso.tools.win32_24.12.0.202407110909/tools/bin/../lib/gcc/arm-none-eabi/13.2.1/../../../../arm-none-eabi/lib/thumb/v7e-m+fp/hard\libcr_c.a(errno.o)
                              ./utilities/fsl_str.o (errno)
C:/nxp/MCUXpressoIDE_24.12.148/ide/plugins/com.nxp.mcuxpresso.tools.win32_24.12.0.202407110909/tools/bin/../lib/gcc/arm-none-eabi/13.2.1/../../../../arm-none-eabi/lib/thumb/v7e-m+fp/hard\libcr_c.a(initio.o)
                              C:/nxp/MCUXpressoIDE_24.12.148/ide/plugins/com.nxp.mcuxpresso.tools.win32_24.12.0.202407110909/tools/bin/../lib/gcc/arm-none-eabi/13.2.1/../../../../arm-none-eabi/lib/thumb/v7e-m+fp/hard\libcr_nohost_nf.a(_cr__main.o) (_initio)
C:/nxp/MCUXpressoIDE_24.12.148/ide/plugins/com.nxp.mcuxpresso.tools.win32_24.12.0.202407110909/tools/bin/../lib/gcc/arm-none-eabi/13.2.1/../../../../arm-none-eabi/lib/thumb/v7e-m+fp/hard\libcr_c.a(modf.o)
                              ./utilities/fsl_debug_console.o (modf)
C:/nxp/MCUXpressoIDE_24.12.148/ide/plugins/com.nxp.mcuxpresso.tools.win32_24.12.0.202407110909/tools/bin/../lib/gcc/arm-none-eabi/13.2.1/../../../../arm-none-eabi/lib/thumb/v7e-m+fp/hard\libcr_c.a(pow.o)
                              ./utilities/fsl_debug_console.o (pow)
C:/nxp/MCUXpressoIDE_24.12.148/ide/plugins/com.nxp.mcuxpresso.tools.win32_24.12.0.202407110909/tools/bin/../lib/gcc/arm-none-eabi/13.2.1/../../../../arm-none-eabi/lib/thumb/v7e-m+fp/hard\libcr_c.a(scanf.o)
                              ./utilities/fsl_str.o (strtoul)
C:/nxp/MCUXpressoIDE_24.12.148/ide/plugins/com.nxp.mcuxpresso.tools.win32_24.12.0.202407110909/tools/bin/../lib/gcc/arm-none-eabi/13.2.1/../../../../arm-none-eabi/lib/thumb/v7e-m+fp/hard\libcr_c.a(setvbuf.o)
                              C:/nxp/MCUXpressoIDE_24.12.148/ide/plugins/com.nxp.mcuxpresso.tools.win32_24.12.0.202407110909/tools/bin/../lib/gcc/arm-none-eabi/13.2.1/../../../../arm-none-eabi/lib/thumb/v7e-m+fp/hard\libcr_c.a(initio.o) (setvbuf)
C:/nxp/MCUXpressoIDE_24.12.148/ide/plugins/com.nxp.mcuxpresso.tools.win32_24.12.0.202407110909/tools/bin/../lib/gcc/arm-none-eabi/13.2.1/../../../../arm-none-eabi/lib/thumb/v7e-m+fp/hard\libcr_c.a(strlen.o)
                              ./utilities/fsl_debug_console.o (strlen)
C:/nxp/MCUXpressoIDE_24.12.148/ide/plugins/com.nxp.mcuxpresso.tools.win32_24.12.0.202407110909/tools/bin/../lib/gcc/arm-none-eabi/13.2.1/../../../../arm-none-eabi/lib/thumb/v7e-m+fp/hard\libcr_c.a(ungetc.o)
                              C:/nxp/MCUXpressoIDE_24.12.148/ide/plugins/com.nxp.mcuxpresso.tools.win32_24.12.0.202407110909/tools/bin/../lib/gcc/arm-none-eabi/13.2.1/../../../../arm-none-eabi/lib/thumb/v7e-m+fp/hard\libcr_c.a(scanf.o) (ungetc)
C:/nxp/MCUXpressoIDE_24.12.148/ide/plugins/com.nxp.mcuxpresso.tools.win32_24.12.0.202407110909/tools/bin/../lib/gcc/arm-none-eabi/13.2.1/../../../../arm-none-eabi/lib/thumb/v7e-m+fp/hard\libcr_c.a(__fillbuf.o)
                              C:/nxp/MCUXpressoIDE_24.12.148/ide/plugins/com.nxp.mcuxpresso.tools.win32_24.12.0.202407110909/tools/bin/../lib/gcc/arm-none-eabi/13.2.1/../../../../arm-none-eabi/lib/thumb/v7e-m+fp/hard\libcr_c.a(scanf.o) (__filbuf)
C:/nxp/MCUXpressoIDE_24.12.148/ide/plugins/com.nxp.mcuxpresso.tools.win32_24.12.0.202407110909/tools/bin/../lib/gcc/arm-none-eabi/13.2.1/../../../../arm-none-eabi/lib/thumb/v7e-m+fp/hard\libcr_c.a(__init_alloc.o)
                              C:/nxp/MCUXpressoIDE_24.12.148/ide/plugins/com.nxp.mcuxpresso.tools.win32_24.12.0.202407110909/tools/bin/../lib/gcc/arm-none-eabi/13.2.1/../../../../arm-none-eabi/lib/thumb/v7e-m+fp/hard\libcr_c.a(alloc.o) (__heaps)
C:/nxp/MCUXpressoIDE_24.12.148/ide/plugins/com.nxp.mcuxpresso.tools.win32_24.12.0.202407110909/tools/bin/../lib/gcc/arm-none-eabi/13.2.1/../../../../arm-none-eabi/lib/thumb/v7e-m+fp/hard\libcr_c.a(_cr_sbrk.o)
                              C:/nxp/MCUXpressoIDE_24.12.148/ide/plugins/com.nxp.mcuxpresso.tools.win32_24.12.0.202407110909/tools/bin/../lib/gcc/arm-none-eabi/13.2.1/../../../../arm-none-eabi/lib/thumb/v7e-m+fp/hard\libcr_c.a(alloc.o) (_sbrk)
[...]
Memory Configuration

Name             Origin             Length             Attributes
PROGRAM_FLASH    0x00000000         0x00080000         xr
SRAM_UPPER       0x20000000         0x00010000         xrw
SRAM_LOWER       0x1fff0000         0x00010000         xrw
*default*        0x00000000         0xffffffff

Linker script and memory map

LOAD ./utilities/fsl_assert.o
LOAD ./utilities/fsl_debug_console.o
LOAD ./utilities/fsl_memcpy.o
LOAD ./utilities/fsl_str.o
LOAD ./startup/startup_mk22f51212.o
LOAD ./source/main.o
LOAD ./source/semihost_hardfault.o
LOAD ./drivers/fsl_adc16.o
LOAD ./drivers/fsl_clock.o
LOAD ./drivers/fsl_common.o
LOAD ./drivers/fsl_common_arm.o
LOAD ./drivers/fsl_dmamux.o
LOAD ./drivers/fsl_ftm.o
LOAD ./drivers/fsl_gpio.o
LOAD ./drivers/fsl_lpuart.o
LOAD ./drivers/fsl_smc.o
LOAD ./drivers/fsl_uart.o
LOAD ./device/system_MK22F51212.o
LOAD ./component/uart/fsl_adapter_uart.o
LOAD ./component/timer/fsl_adapter_ftm.o
LOAD ./component/lists/fsl_component_generic_list.o
LOAD ./board/board.o
LOAD ./board/clock_config.o
LOAD ./board/peripherals.o
LOAD ./board/pin_mux.o
START GROUP
LOAD C:/nxp/MCUXpressoIDE_24.12.148/ide/plugins/com.nxp.mcuxpresso.tools.win32_24.12.0.202407110909/tools/bin/../lib/gcc/arm-none-eabi/13.2.1/../../../../arm-none-eabi/lib/thumb/v7e-m+fp/hard\libcr_nohost_nf.a
LOAD C:/nxp/MCUXpressoIDE_24.12.148/ide/plugins/com.nxp.mcuxpresso.tools.win32_24.12.0.202407110909/tools/bin/../lib/gcc/arm-none-eabi/13.2.1/../../../../arm-none-eabi/lib/thumb/v7e-m+fp/hard\libcr_c.a
LOAD C:/nxp/MCUXpressoIDE_24.12.148/ide/plugins/com.nxp.mcuxpresso.tools.win32_24.12.0.202407110909/tools/bin/../lib/gcc/arm-none-eabi/13.2.1/thumb/v7e-m+fp/hard\libcr_eabihelpers.a
LOAD C:/nxp/MCUXpressoIDE_24.12.148/ide/plugins/com.nxp.mcuxpresso.tools.win32_24.12.0.202407110909/tools/bin/../lib/gcc/arm-none-eabi/13.2.1/thumb/v7e-m+fp/hard\libgcc.a
END GROUP
                0x00000000                        __base_PROGRAM_FLASH = 0x0
                0x00000000                        __base_Flash = 0x0
                0x00080000                        __top_PROGRAM_FLASH = 0x80000
                0x00080000                        __top_Flash = 0x80000
                0x20000000                        __base_SRAM_UPPER = 0x20000000
                0x20000000                        __base_RAM = 0x20000000
                0x20010000                        __top_SRAM_UPPER = 0x20010000
                0x20010000                        __top_RAM = 0x20010000
                0x1fff0000                        __base_SRAM_LOWER = 0x1fff0000
                0x1fff0000                        __base_RAM2 = 0x1fff0000
                0x20000000                        __top_SRAM_LOWER = 0x20000000
                0x20000000                        __top_RAM2 = 0x20000000

.text           0x00000000     0x7014
 FILL mask 0xff
                0x00000000                        __vectors_start__ = ABSOLUTE (.)
 *(SORT_BY_ALIGNMENT(.isr_vector))
 .isr_vector    0x00000000      0x168 ./startup/startup_mk22f51212.o
                0x00000000                g_pfnVectors
                0x00000000                __Vectors
                0x00000168                        . = ALIGN (0x4)
                0x00000168                        __section_table_start = .
                0x00000168                        __data_section_table = .
                0x00000168        0x4 LONG 0x7014 LOADADDR (.data)
                0x0000016c        0x4 LONG 0x20000000 ADDR (.data)
                0x00000170        0x4 LONG 0x3c SIZEOF (.data)
                0x00000174        0x4 LONG 0x7014 LOADADDR (.data_RAM2)
                0x00000178        0x4 LONG 0x1fff0000 ADDR (.data_RAM2)
                0x0000017c        0x4 LONG 0x0 SIZEOF (.data_RAM2)
                0x00000180                        __data_section_table_end = .
                0x00000180                        __bss_section_table = .
                0x00000180        0x4 LONG 0x2000003c ADDR (.bss)
                0x00000184        0x4 LONG 0x334 SIZEOF (.bss)
                0x00000188        0x4 LONG 0x1fff0000 ADDR (.bss_RAM2)
                0x0000018c        0x4 LONG 0x0 SIZEOF (.bss_RAM2)
                0x00000190                        __bss_section_table_end = .
                0x00000190                        __section_table_end = .
 *(SORT_BY_ALIGNMENT(.after_vectors*))
 .after_vectors.reset
                0x00000190       0x48 ./startup/startup_mk22f51212.o
                0x00000190                ResetISR
 .after_vectors.init_data
                0x000001d8       0x1e ./startup/startup_mk22f51212.o
                0x000001d8                data_init
 .after_vectors.init_bss
                0x000001f6       0x12 ./startup/startup_mk22f51212.o
                0x000001f6                bss_init
 .after_vectors
                0x00000208       0x14 ./startup/startup_mk22f51212.o
                0x00000208                NMI_Handler
                0x0000020c                MemManage_Handler
                0x0000020e                BusFault_Handler
                0x00000210                UsageFault_Handler
                0x00000212                SVC_Handler
                0x00000214                DebugMon_Handler
                0x00000216                PendSV_Handler
                0x0000021a                DMA_Error_DriverIRQHandler
                0x0000021a                LPTMR0_DriverIRQHandler
                0x0000021a                FTM1_DriverIRQHandler
                0x0000021a                FTM2_DriverIRQHandler
                0x0000021a                PIT2_DriverIRQHandler
                0x0000021a                Reserved82_DriverIRQHandler
                0x0000021a                I2S0_Tx_DriverIRQHandler
                0x0000021a                RTC_Seconds_DriverIRQHandler
                0x0000021a                FTF_DriverIRQHandler
                0x0000021a                DMA6_DriverIRQHandler
                0x0000021a                LLWU_DriverIRQHandler
                0x0000021a                MCM_DriverIRQHandler
                0x0000021a                MCG_DriverIRQHandler
                0x0000021a                DAC1_DriverIRQHandler
                0x0000021a                SPI1_DriverIRQHandler
                0x0000021a                CMP1_DriverIRQHandler
                0x0000021a                FTM0_DriverIRQHandler
                0x0000021a                IntDefaultHandler
                0x0000021a                USB0_DriverIRQHandler
                0x0000021a                PORTC_DriverIRQHandler
                0x0000021a                DMA11_DriverIRQHandler
                0x0000021a                DAC0_DriverIRQHandler
                0x0000021a                DMA10_DriverIRQHandler
                0x0000021a                UART2_ERR_DriverIRQHandler
                0x0000021a                LVD_LVW_DriverIRQHandler
                0x0000021a                Reserved84_DriverIRQHandler
                0x0000021a                PIT0_DriverIRQHandler
                0x0000021a                RNG_DriverIRQHandler
                0x0000021a                DMA12_DriverIRQHandler
                0x0000021a                DMA4_DriverIRQHandler
                0x0000021a                DMA3_DriverIRQHandler
                0x0000021a                Reserved53_DriverIRQHandler
                0x0000021a                DMA8_DriverIRQHandler
                0x0000021a                DMA9_DriverIRQHandler
                0x0000021a                UART0_ERR_DriverIRQHandler
                0x0000021a                Reserved71_DriverIRQHandler
                0x0000021a                ADC1_DriverIRQHandler
                0x0000021a                PORTA_DriverIRQHandler
                0x0000021a                DMA14_DriverIRQHandler
                0x0000021a                PIT3_DriverIRQHandler
                0x0000021a                PIT1_DriverIRQHandler
                0x0000021a                WDOG_EWM_DriverIRQHandler
                0x0000021a                PDB0_DriverIRQHandler
                0x0000021a                Reserved83_DriverIRQHandler
                0x0000021a                Reserved61_DriverIRQHandler
                0x0000021a                RTC_DriverIRQHandler
                0x0000021a                I2S0_Rx_DriverIRQHandler
                0x0000021a                Read_Collision_DriverIRQHandler
                0x0000021a                Reserved54_DriverIRQHandler
                0x0000021a                SWI_DriverIRQHandler
                0x0000021a                PORTB_DriverIRQHandler
                0x0000021a                DMA0_DriverIRQHandler
                0x0000021a                DMA1_DriverIRQHandler
                0x0000021a                I2C1_DriverIRQHandler
                0x0000021a                DMA13_DriverIRQHandler
                0x0000021a                DMA15_DriverIRQHandler
                0x0000021a                Reserved85_DriverIRQHandler
                0x0000021a                Reserved81_DriverIRQHandler
                0x0000021a                SPI0_DriverIRQHandler
                0x0000021a                ADC0_DriverIRQHandler
                0x0000021a                CMP0_DriverIRQHandler
                0x0000021a                FTM3_DriverIRQHandler
                0x0000021a                DMA5_DriverIRQHandler
                0x0000021a                UART1_ERR_DriverIRQHandler
                0x0000021a                DMA2_DriverIRQHandler
                0x0000021a                PORTD_DriverIRQHandler
                0x0000021a                Reserved70_DriverIRQHandler
                0x0000021a                Reserved86_DriverIRQHandler
                0x0000021a                PORTE_DriverIRQHandler
                0x0000021a                I2C0_DriverIRQHandler
                0x0000021a                DMA7_DriverIRQHandler
                0x00000400                        . = 0x400
 *fill*         0x0000021c      0x1e4 ff
                0x00000400                        PROVIDE (__FLASH_CONFIG_START__ = .)
 *(SORT_BY_ALIGNMENT(.FlashConfig))
 .FlashConfig   0x00000400       0x10 ./startup/startup_mk22f51212.o
                0x00000400                Flash_Config
                0x00000410                        PROVIDE (__FLASH_CONFIG_END__ = .)
                0x00000001                        ASSERT (! ((__FLASH_CONFIG_START__ == __FLASH_CONFIG_END__)), Linker Flash Config Support Enabled, but no .FlashConfig section provided within application)
 *(SORT_BY_ALIGNMENT(.text*))
 .text.DbgConsole_ConvertFloatRadixNumToString
                0x00000410      0x2a0 ./utilities/fsl_debug_console.o
 .text.pow      0x000006b0      0x55c C:/nxp/MCUXpressoIDE_24.12.148/ide/plugins/com.nxp.mcuxpresso.tools.win32_24.12.0.202407110909/tools/bin/../lib/gcc/arm-none-eabi/13.2.1/../../../../arm-none-eabi/lib/thumb/v7e-m+fp/hard\libcr_c.a(pow.o)
                0x000006b0                pow
 *fill*         0x00000c0c        0x4 ff
 .text.frexp    0x00000c10       0x70 C:/nxp/MCUXpressoIDE_24.12.148/ide/plugins/com.nxp.mcuxpresso.tools.win32_24.12.0.202407110909/tools/bin/../lib/gcc/arm-none-eabi/13.2.1/../../../../arm-none-eabi/lib/thumb/v7e-m+fp/hard\libcr_c.a(frexp.o)
                0x00000c10                frexp
 .text.ldexp    0x00000c80       0x5c C:/nxp/MCUXpressoIDE_24.12.148/ide/plugins/com.nxp.mcuxpresso.tools.win32_24.12.0.202407110909/tools/bin/../lib/gcc/arm-none-eabi/13.2.1/../../../../arm-none-eabi/lib/thumb/v7e-m+fp/hard\libcr_c.a(ldexp.o)
                0x00000c80                ldexp
 .text.__assertion_failed
                0x00000cdc       0x2c ./utilities/fsl_assert.o
                0x00000cdc                __assertion_failed
 .text.DbgConsole_Init
                0x00000d08       0x88 ./utilities/fsl_debug_console.o
                0x00000d08                DbgConsole_Init
 .text.DbgConsole_Vprintf
                0x00000d90       0x3c ./utilities/fsl_debug_console.o
                0x00000d90                DbgConsole_Vprintf
 .text.DbgConsole_Putchar
                0x00000dcc       0x30 ./utilities/fsl_debug_console.o
                0x00000dcc                DbgConsole_Putchar
 .text.DbgConsole_PrintfFormattedData
                0x00000dfc      0xb68 ./utilities/fsl_debug_console.o
 .text          0x00001964       0xa0 ./utilities/fsl_memcpy.o
                0x00001964                memcpy
 .text.__NVIC_EnableIRQ
                0x00001a04       0x3c ./source/main.o
 .text.__NVIC_SetPriority
                0x00001a40       0x54 ./source/main.o
 .text.SysTick_Config
                0x00001a94       0x44 ./source/main.o
 .text.FTM_CalculateCounterClkDiv
                0x00001ad8       0x74 ./source/main.o
 .text.ADC16_GetChannelConversionValue
                0x00001b4c       0x2c ./source/main.o
 .text.SysTick_Handler
                0x00001b78       0x2c ./source/main.o
                0x00001b78                SysTick_Handler
 .text.init_delay
                0x00001ba4       0x24 ./source/main.o
                0x00001ba4                init_delay
 .text.delay_us
                0x00001bc8       0x2c ./source/main.o
                0x00001bc8                delay_us
 .text.turn     0x00001bf4      0x254 ./source/main.o
                0x00001bf4                turn
 .text.motorBreak
                0x00001e48       0x2c ./source/main.o
                0x00001e48                motorBreak
 .text.startUpSpeed
                0x00001e74       0x54 ./source/main.o
                0x00001e74                startUpSpeed
 .text.UpdatePwmDutycycleTurn
                0x00001ec8       0x5c ./source/main.o
                0x00001ec8                UpdatePwmDutycycleTurn
 .text.UpdatePwmDutycycleSpeed
                0x00001f24       0x88 ./source/main.o
                0x00001f24                UpdatePwmDutycycleSpeed
 .text.FTM2_IRQHandler
                0x00001fac       0x24 ./source/main.o
                0x00001fac                FTM2_IRQHandler
 .text.FTM0_IRQHandler
                0x00001fd0       0x24 ./source/main.o
                0x00001fd0                FTM0_IRQHandler
 .text.PORTC_IRQHandler
                0x00001ff4       0x60 ./source/main.o
                0x00001ff4                PORTC_IRQHandler
 .text.sendTrigger
                0x00002054       0x28 ./source/main.o
                0x00002054                sendTrigger
 .text.clockPulse
                0x0000207c       0x28 ./source/main.o
                0x0000207c                clockPulse
 .text.initADC  0x000020a4       0x44 ./source/main.o
                0x000020a4                initADC
 .text.readADC  0x000020e8       0x38 ./source/main.o
                0x000020e8                readADC
 .text.detectTrack
                0x00002120      0x160 ./source/main.o
                0x00002120                detectTrack
 .text.getErrorFromCamera
                0x00002280       0xfc ./source/main.o
                0x00002280                getErrorFromCamera
 .text.setupCamera
                0x0000237c       0x58 ./source/main.o
                0x0000237c                setupCamera
 .text.main     0x000023d4      0x3ac ./source/main.o
                0x000023d4                main
 .text.ADC16_GetInstance
                0x00002780       0x4c ./drivers/fsl_adc16.o
 .text.ADC16_Init
                0x000027cc      0x118 ./drivers/fsl_adc16.o
                0x000027cc                ADC16_Init
 .text.ADC16_GetDefaultConfig
                0x000028e4       0x68 ./drivers/fsl_adc16.o
                0x000028e4                ADC16_GetDefaultConfig
 .text.ADC16_SetChannelConfig
                0x0000294c       0x68 ./drivers/fsl_adc16.o
                0x0000294c                ADC16_SetChannelConfig
 .text.ADC16_GetChannelStatusFlags
                0x000029b4       0x40 ./drivers/fsl_adc16.o
                0x000029b4                ADC16_GetChannelStatusFlags
 .text.CLOCK_SetEr32kClock
                0x000029f4       0x30 ./drivers/fsl_clock.o
 .text.CLOCK_SetPllFllSelClock
                0x00002a24       0x38 ./drivers/fsl_clock.o
 .text.CLOCK_GetMcgExtClkFreq
                0x00002a5c       0x7c ./drivers/fsl_clock.o
 .text.CLOCK_GetFllExtRefClkFreq
                0x00002ad8       0xb0 ./drivers/fsl_clock.o
 .text.CLOCK_GetInternalRefClkSelectFreq
                0x00002b88       0x4c ./drivers/fsl_clock.o
 .text.CLOCK_GetFllRefClkFreq
                0x00002bd4       0x34 ./drivers/fsl_clock.o
 .text.CLOCK_GetOscRangeFromFreq
                0x00002c08       0x3c ./drivers/fsl_clock.o
 .text.CLOCK_GetOsc0ErClkUndivFreq
                0x00002c44       0x38 ./drivers/fsl_clock.o
                0x00002c44                CLOCK_GetOsc0ErClkUndivFreq
 .text.CLOCK_GetOsc0ErClkDivFreq
                0x00002c7c       0x58 ./drivers/fsl_clock.o
                0x00002c7c                CLOCK_GetOsc0ErClkDivFreq
 .text.CLOCK_GetEr32kClkFreq
                0x00002cd4       0x74 ./drivers/fsl_clock.o
                0x00002cd4                CLOCK_GetEr32kClkFreq
 .text.CLOCK_GetPllFllSelClkFreq
                0x00002d48       0x54 ./drivers/fsl_clock.o
                0x00002d48                CLOCK_GetPllFllSelClkFreq
 .text.CLOCK_GetCoreSysClkFreq
                0x00002d9c       0x28 ./drivers/fsl_clock.o
                0x00002d9c                CLOCK_GetCoreSysClkFreq
 .text.CLOCK_GetFreq
                0x00002dc4      0x148 ./drivers/fsl_clock.o
                0x00002dc4                CLOCK_GetFreq
 .text.CLOCK_SetSimConfig
                0x00002f0c       0x34 ./drivers/fsl_clock.o
                0x00002f0c                CLOCK_SetSimConfig
 .text.CLOCK_GetOutClkFreq
                0x00002f40       0x64 ./drivers/fsl_clock.o
                0x00002f40                CLOCK_GetOutClkFreq
 .text.CLOCK_GetFllFreq
                0x00002fa4       0x84 ./drivers/fsl_clock.o
                0x00002fa4                CLOCK_GetFllFreq
 .text.CLOCK_GetInternalRefClkFreq
                0x00003028       0x30 ./drivers/fsl_clock.o
                0x00003028                CLOCK_GetInternalRefClkFreq
 .text.CLOCK_GetPll0Freq
                0x00003058       0x78 ./drivers/fsl_clock.o
                0x00003058                CLOCK_GetPll0Freq
 .text.CLOCK_SetExternalRefClkConfig
                0x000030d0       0x6c ./drivers/fsl_clock.o
                0x000030d0                CLOCK_SetExternalRefClkConfig
 .text.CLOCK_SetInternalRefClkConfig
                0x0000313c      0x104 ./drivers/fsl_clock.o
                0x0000313c                CLOCK_SetInternalRefClkConfig
 .text.CLOCK_EnablePll0
                0x00003240       0x88 ./drivers/fsl_clock.o
                0x00003240                CLOCK_EnablePll0
 .text.CLOCK_InitOsc0
                0x000032c8       0x8c ./drivers/fsl_clock.o
                0x000032c8                CLOCK_InitOsc0
 .text.CLOCK_SetPbeMode
                0x00003354       0xa8 ./drivers/fsl_clock.o
                0x00003354                CLOCK_SetPbeMode
 .text.CLOCK_BootToPeeMode
                0x000033fc       0x60 ./drivers/fsl_clock.o
                0x000033fc                CLOCK_BootToPeeMode
 .text.FTM_GetInstance
                0x0000345c       0x54 ./drivers/fsl_ftm.o
 .text.FTM_SetPwmSync
                0x000034b0      0x168 ./drivers/fsl_ftm.o
 .text.FTM_SetReloadPoints
                0x00003618      0x138 ./drivers/fsl_ftm.o
 .text.FTM_Init
                0x00003750       0xf8 ./drivers/fsl_ftm.o
                0x00003750                FTM_Init
 .text.FTM_GetDefaultConfig
                0x00003848       0x80 ./drivers/fsl_ftm.o
                0x00003848                FTM_GetDefaultConfig
 .text.FTM_SetupPwm
                0x000038c8      0x334 ./drivers/fsl_ftm.o
                0x000038c8                FTM_SetupPwm
 .text.FTM_UpdatePwmDutycycle
                0x00003bfc      0x1a4 ./drivers/fsl_ftm.o
                0x00003bfc                FTM_UpdatePwmDutycycle
 .text.GPIO_GetInstance
                0x00003da0       0x4c ./drivers/fsl_gpio.o
 .text.GPIO_PinInit
                0x00003dec       0x64 ./drivers/fsl_gpio.o
                0x00003dec                GPIO_PinInit
 .text.GPIO_PortClearInterruptFlags
                0x00003e50       0x34 ./drivers/fsl_gpio.o
                0x00003e50                GPIO_PortClearInterruptFlags
 .text.LPUART0_DriverIRQHandler
                0x00003e84       0x28 ./drivers/fsl_lpuart.o
                0x00003e84                LPUART0_DriverIRQHandler
 .text.UART_GetInstance
                0x00003eac       0x54 ./drivers/fsl_uart.o
                0x00003eac                UART_GetInstance
 .text.UART_Init
                0x00003f00      0x294 ./drivers/fsl_uart.o
                0x00003f00                UART_Init
 .text.UART_GetDefaultConfig
                0x00004194       0x64 ./drivers/fsl_uart.o
                0x00004194                UART_GetDefaultConfig
 .text.UART_ReadBlocking
                0x000041f8       0xfc ./drivers/fsl_uart.o
                0x000041f8                UART_ReadBlocking
 .text.UART0_DriverIRQHandler
                0x000042f4       0x28 ./drivers/fsl_uart.o
                0x000042f4                UART0_DriverIRQHandler
 .text.UART1_DriverIRQHandler
                0x0000431c       0x28 ./drivers/fsl_uart.o
                0x0000431c                UART1_DriverIRQHandler
 .text.UART2_DriverIRQHandler
                0x00004344       0x28 ./drivers/fsl_uart.o
                0x00004344                UART2_DriverIRQHandler
 .text.SystemInit
                0x0000436c       0x3c ./device/system_MK22F51212.o
                0x0000436c                SystemInit
 .text.HAL_UartInit
                0x000043a8      0x114 ./component/uart/fsl_adapter_uart.o
                0x000043a8                HAL_UartInit
 .text.HAL_UartReceiveBlocking
                0x000044bc       0x6c ./component/uart/fsl_adapter_uart.o
                0x000044bc                HAL_UartReceiveBlocking
 .text.HAL_UartSendBlocking
                0x00004528       0x64 ./component/uart/fsl_adapter_uart.o
                0x00004528                HAL_UartSendBlocking
 .text.HAL_TimerInterruptHandle
                0x0000458c       0x4c ./component/timer/fsl_adapter_ftm.o
 .text.CLOCK_SetSimSafeDivs
                0x000045d8       0x24 ./board/clock_config.o
 .text.CLOCK_SetXtal0Freq
                0x000045fc       0x20 ./board/clock_config.o
 .text.CLOCK_CONFIG_SetFllExtRefDiv
                0x0000461c       0x3c ./board/clock_config.o
 .text.BOARD_BootClockRUN
                0x00004658       0x60 ./board/clock_config.o
                0x00004658                BOARD_BootClockRUN
 .text.DMAMUX_SetSource
                0x000046b8       0x4c ./board/pin_mux.o
 .text.BOARD_InitPins
                0x00004704      0x134 ./board/pin_mux.o
                0x00004704                BOARD_InitPins
 .text._initio  0x00004838       0x78 C:/nxp/MCUXpressoIDE_24.12.148/ide/plugins/com.nxp.mcuxpresso.tools.win32_24.12.0.202407110909/tools/bin/../lib/gcc/arm-none-eabi/13.2.1/../../../../arm-none-eabi/lib/thumb/v7e-m+fp/hard\libcr_c.a(initio.o)
                0x00004838                _initio
 .text.modf     0x000048b0       0x94 C:/nxp/MCUXpressoIDE_24.12.148/ide/plugins/com.nxp.mcuxpresso.tools.win32_24.12.0.202407110909/tools/bin/../lib/gcc/arm-none-eabi/13.2.1/../../../../arm-none-eabi/lib/thumb/v7e-m+fp/hard\libcr_c.a(modf.o)
                0x000048b0                modf
 .text._Cwritebuf
                0x00004944       0x6c C:/nxp/MCUXpressoIDE_24.12.148/ide/plugins/com.nxp.mcuxpresso.tools.win32_24.12.0.202407110909/tools/bin/../lib/gcc/arm-none-eabi/13.2.1/../../../../arm-none-eabi/lib/thumb/v7e-m+fp/hard\libcr_c.a(_writebuf.o)
                0x00004944                _Cwritebuf
 .text.fflush   0x000049b0       0x3c C:/nxp/MCUXpressoIDE_24.12.148/ide/plugins/com.nxp.mcuxpresso.tools.win32_24.12.0.202407110909/tools/bin/../lib/gcc/arm-none-eabi/13.2.1/../../../../arm-none-eabi/lib/thumb/v7e-m+fp/hard\libcr_c.a(fflush.o)
                0x000049b0                fflush
 .text.fseek    0x000049ec       0xf8 C:/nxp/MCUXpressoIDE_24.12.148/ide/plugins/com.nxp.mcuxpresso.tools.win32_24.12.0.202407110909/tools/bin/../lib/gcc/arm-none-eabi/13.2.1/../../../../arm-none-eabi/lib/thumb/v7e-m+fp/hard\libcr_c.a(fseek.o)
                0x000049ec                fseek
 .text.ftell    0x00004ae4       0x44 C:/nxp/MCUXpressoIDE_24.12.148/ide/plugins/com.nxp.mcuxpresso.tools.win32_24.12.0.202407110909/tools/bin/../lib/gcc/arm-none-eabi/13.2.1/../../../../arm-none-eabi/lib/thumb/v7e-m+fp/hard\libcr_c.a(ftell.o)
                0x00004ae4                ftell
 .text.__aeabi_dmul
                0x00004b28       0xfc C:/nxp/MCUXpressoIDE_24.12.148/ide/plugins/com.nxp.mcuxpresso.tools.win32_24.12.0.202407110909/tools/bin/../lib/gcc/arm-none-eabi/13.2.1/thumb/v7e-m+fp/hard\libcr_eabihelpers.a(double.o)
                0x00004b28                __aeabi_dmul
 .text.__aeabi_ddiv
                0x00004c24      0x130 C:/nxp/MCUXpressoIDE_24.12.148/ide/plugins/com.nxp.mcuxpresso.tools.win32_24.12.0.202407110909/tools/bin/../lib/gcc/arm-none-eabi/13.2.1/thumb/v7e-m+fp/hard\libcr_eabihelpers.a(double.o)
                0x00004c24                __aeabi_ddiv
 .text.__aeabi_dsub
                0x00004d54      0x1b4 C:/nxp/MCUXpressoIDE_24.12.148/ide/plugins/com.nxp.mcuxpresso.tools.win32_24.12.0.202407110909/tools/bin/../lib/gcc/arm-none-eabi/13.2.1/thumb/v7e-m+fp/hard\libcr_eabihelpers.a(double.o)
                0x00004d54                __aeabi_dsub
 .text.__aeabi_dadd
                0x00004f08      0x118 C:/nxp/MCUXpressoIDE_24.12.148/ide/plugins/com.nxp.mcuxpresso.tools.win32_24.12.0.202407110909/tools/bin/../lib/gcc/arm-none-eabi/13.2.1/thumb/v7e-m+fp/hard\libcr_eabihelpers.a(double.o)
                0x00004f08                __aeabi_dadd
 .text.fsl_assert_hook
                0x00005020       0x1a ./utilities/fsl_assert.o
                0x00005020                fsl_assert_hook
 .text.DbgConsole_Printf
                0x0000503a       0x2c ./utilities/fsl_debug_console.o
                0x0000503a                DbgConsole_Printf
 .text.DbgConsole_PrintfPaddingCharacter
                0x00005066       0x40 ./utilities/fsl_debug_console.o
 .text.DbgConsole_ConvertRadixNumToString
                0x000050a6      0x2b0 ./utilities/fsl_debug_console.o
 .text.DMA0_IRQHandler
                0x00005356        0x8 ./startup/startup_mk22f51212.o
                0x00005356                DMA0_IRQHandler
 .text.DMA1_IRQHandler
                0x0000535e        0x8 ./startup/startup_mk22f51212.o
                0x0000535e                DMA1_IRQHandler
 .text.DMA2_IRQHandler
                0x00005366        0x8 ./startup/startup_mk22f51212.o
                0x00005366                DMA2_IRQHandler
 .text.DMA3_IRQHandler
                0x0000536e        0x8 ./startup/startup_mk22f51212.o
                0x0000536e                DMA3_IRQHandler
 .text.DMA4_IRQHandler
                0x00005376        0x8 ./startup/startup_mk22f51212.o
                0x00005376                DMA4_IRQHandler
 .text.DMA5_IRQHandler
                0x0000537e        0x8 ./startup/startup_mk22f51212.o
                0x0000537e                DMA5_IRQHandler
 .text.DMA6_IRQHandler
                0x00005386        0x8 ./startup/startup_mk22f51212.o
                0x00005386                DMA6_IRQHandler
 .text.DMA7_IRQHandler
                0x0000538e        0x8 ./startup/startup_mk22f51212.o
                0x0000538e                DMA7_IRQHandler
 .text.DMA8_IRQHandler
                0x00005396        0x8 ./startup/startup_mk22f51212.o
                0x00005396                DMA8_IRQHandler
 .text.DMA9_IRQHandler
                0x0000539e        0x8 ./startup/startup_mk22f51212.o
                0x0000539e                DMA9_IRQHandler
 .text.DMA10_IRQHandler
                0x000053a6        0x8 ./startup/startup_mk22f51212.o
                0x000053a6                DMA10_IRQHandler
 .text.DMA11_IRQHandler
                0x000053ae        0x8 ./startup/startup_mk22f51212.o
                0x000053ae                DMA11_IRQHandler
 .text.DMA12_IRQHandler
                0x000053b6        0x8 ./startup/startup_mk22f51212.o
                0x000053b6                DMA12_IRQHandler
 .text.DMA13_IRQHandler
                0x000053be        0x8 ./startup/startup_mk22f51212.o
                0x000053be                DMA13_IRQHandler
 .text.DMA14_IRQHandler
                0x000053c6        0x8 ./startup/startup_mk22f51212.o
                0x000053c6                DMA14_IRQHandler
 .text.DMA15_IRQHandler
                0x000053ce        0x8 ./startup/startup_mk22f51212.o
                0x000053ce                DMA15_IRQHandler
 .text.DMA_Error_IRQHandler
                0x000053d6        0x8 ./startup/startup_mk22f51212.o
                0x000053d6                DMA_Error_IRQHandler
 .text.MCM_IRQHandler
                0x000053de        0x8 ./startup/startup_mk22f51212.o
                0x000053de                MCM_IRQHandler
 .text.FTF_IRQHandler
                0x000053e6        0x8 ./startup/startup_mk22f51212.o
                0x000053e6                FTF_IRQHandler
 .text.Read_Collision_IRQHandler
                0x000053ee        0x8 ./startup/startup_mk22f51212.o
                0x000053ee                Read_Collision_IRQHandler
 .text.LVD_LVW_IRQHandler
                0x000053f6        0x8 ./startup/startup_mk22f51212.o
                0x000053f6                LVD_LVW_IRQHandler
 .text.LLWU_IRQHandler
                0x000053fe        0x8 ./startup/startup_mk22f51212.o
                0x000053fe                LLWU_IRQHandler
 .text.WDOG_EWM_IRQHandler
                0x00005406        0x8 ./startup/startup_mk22f51212.o
                0x00005406                WDOG_EWM_IRQHandler
 .text.RNG_IRQHandler
                0x0000540e        0x8 ./startup/startup_mk22f51212.o
                0x0000540e                RNG_IRQHandler
 .text.I2C0_IRQHandler
                0x00005416        0x8 ./startup/startup_mk22f51212.o
                0x00005416                I2C0_IRQHandler
 .text.I2C1_IRQHandler
                0x0000541e        0x8 ./startup/startup_mk22f51212.o
                0x0000541e                I2C1_IRQHandler
 .text.SPI0_IRQHandler
                0x00005426        0x8 ./startup/startup_mk22f51212.o
                0x00005426                SPI0_IRQHandler
 .text.SPI1_IRQHandler
                0x0000542e        0x8 ./startup/startup_mk22f51212.o
                0x0000542e                SPI1_IRQHandler
 .text.I2S0_Tx_IRQHandler
                0x00005436        0x8 ./startup/startup_mk22f51212.o
                0x00005436                I2S0_Tx_IRQHandler
 .text.I2S0_Rx_IRQHandler
                0x0000543e        0x8 ./startup/startup_mk22f51212.o
                0x0000543e                I2S0_Rx_IRQHandler
 .text.LPUART0_IRQHandler
                0x00005446        0x8 ./startup/startup_mk22f51212.o
                0x00005446                LPUART0_IRQHandler
 .text.UART0_RX_TX_IRQHandler
                0x0000544e        0x8 ./startup/startup_mk22f51212.o
                0x0000544e                UART0_RX_TX_IRQHandler
 .text.UART0_ERR_IRQHandler
                0x00005456        0x8 ./startup/startup_mk22f51212.o
                0x00005456                UART0_ERR_IRQHandler
 .text.UART1_RX_TX_IRQHandler
                0x0000545e        0x8 ./startup/startup_mk22f51212.o
                0x0000545e                UART1_RX_TX_IRQHandler
 .text.UART1_ERR_IRQHandler
                0x00005466        0x8 ./startup/startup_mk22f51212.o
                0x00005466                UART1_ERR_IRQHandler
 .text.UART2_RX_TX_IRQHandler
                0x0000546e        0x8 ./startup/startup_mk22f51212.o
                0x0000546e                UART2_RX_TX_IRQHandler
 .text.UART2_ERR_IRQHandler
                0x00005476        0x8 ./startup/startup_mk22f51212.o
                0x00005476                UART2_ERR_IRQHandler
 .text.Reserved53_IRQHandler
                0x0000547e        0x8 ./startup/startup_mk22f51212.o
                0x0000547e                Reserved53_IRQHandler
 .text.Reserved54_IRQHandler
                0x00005486        0x8 ./startup/startup_mk22f51212.o
                0x00005486                Reserved54_IRQHandler
 .text.ADC0_IRQHandler
                0x0000548e        0x8 ./startup/startup_mk22f51212.o
                0x0000548e                ADC0_IRQHandler
 .text.CMP0_IRQHandler
                0x00005496        0x8 ./startup/startup_mk22f51212.o
                0x00005496                CMP0_IRQHandler
 .text.CMP1_IRQHandler
                0x0000549e        0x8 ./startup/startup_mk22f51212.o
                0x0000549e                CMP1_IRQHandler
 .text.Reserved61_IRQHandler
                0x000054a6        0x8 ./startup/startup_mk22f51212.o
                0x000054a6                Reserved61_IRQHandler
 .text.RTC_IRQHandler
                0x000054ae        0x8 ./startup/startup_mk22f51212.o
                0x000054ae                RTC_IRQHandler
 .text.RTC_Seconds_IRQHandler
                0x000054b6        0x8 ./startup/startup_mk22f51212.o
                0x000054b6                RTC_Seconds_IRQHandler
 .text.PIT0_IRQHandler
                0x000054be        0x8 ./startup/startup_mk22f51212.o
                0x000054be                PIT0_IRQHandler
 .text.PIT1_IRQHandler
                0x000054c6        0x8 ./startup/startup_mk22f51212.o
                0x000054c6                PIT1_IRQHandler
 .text.PIT2_IRQHandler
                0x000054ce        0x8 ./startup/startup_mk22f51212.o
                0x000054ce                PIT2_IRQHandler
 .text.PIT3_IRQHandler
                0x000054d6        0x8 ./startup/startup_mk22f51212.o
                0x000054d6                PIT3_IRQHandler
 .text.PDB0_IRQHandler
                0x000054de        0x8 ./startup/startup_mk22f51212.o
                0x000054de                PDB0_IRQHandler
 .text.USB0_IRQHandler
                0x000054e6        0x8 ./startup/startup_mk22f51212.o
                0x000054e6                USB0_IRQHandler
 .text.Reserved70_IRQHandler
                0x000054ee        0x8 ./startup/startup_mk22f51212.o
                0x000054ee                Reserved70_IRQHandler
 .text.Reserved71_IRQHandler
                0x000054f6        0x8 ./startup/startup_mk22f51212.o
                0x000054f6                Reserved71_IRQHandler
 .text.DAC0_IRQHandler
                0x000054fe        0x8 ./startup/startup_mk22f51212.o
                0x000054fe                DAC0_IRQHandler
 .text.MCG_IRQHandler
                0x00005506        0x8 ./startup/startup_mk22f51212.o
                0x00005506                MCG_IRQHandler
 .text.LPTMR0_IRQHandler
                0x0000550e        0x8 ./startup/startup_mk22f51212.o
                0x0000550e                LPTMR0_IRQHandler
 .text.PORTA_IRQHandler
                0x00005516        0x8 ./startup/startup_mk22f51212.o
                0x00005516                PORTA_IRQHandler
 .text.PORTB_IRQHandler
                0x0000551e        0x8 ./startup/startup_mk22f51212.o
                0x0000551e                PORTB_IRQHandler
 .text.PORTD_IRQHandler
                0x00005526        0x8 ./startup/startup_mk22f51212.o
                0x00005526                PORTD_IRQHandler
 .text.PORTE_IRQHandler
                0x0000552e        0x8 ./startup/startup_mk22f51212.o
                0x0000552e                PORTE_IRQHandler
 .text.SWI_IRQHandler
                0x00005536        0x8 ./startup/startup_mk22f51212.o
                0x00005536                SWI_IRQHandler
 .text.Reserved81_IRQHandler
                0x0000553e        0x8 ./startup/startup_mk22f51212.o
                0x0000553e                Reserved81_IRQHandler
 .text.Reserved82_IRQHandler
                0x00005546        0x8 ./startup/startup_mk22f51212.o
                0x00005546                Reserved82_IRQHandler
 .text.Reserved83_IRQHandler
                0x0000554e        0x8 ./startup/startup_mk22f51212.o
                0x0000554e                Reserved83_IRQHandler
 .text.Reserved84_IRQHandler
                0x00005556        0x8 ./startup/startup_mk22f51212.o
                0x00005556                Reserved84_IRQHandler
 .text.Reserved85_IRQHandler
                0x0000555e        0x8 ./startup/startup_mk22f51212.o
                0x0000555e                Reserved85_IRQHandler
 .text.Reserved86_IRQHandler
                0x00005566        0x8 ./startup/startup_mk22f51212.o
                0x00005566                Reserved86_IRQHandler
 .text.FTM3_IRQHandler
                0x0000556e        0x8 ./startup/startup_mk22f51212.o
                0x0000556e                FTM3_IRQHandler
 .text.DAC1_IRQHandler
                0x00005576        0x8 ./startup/startup_mk22f51212.o
                0x00005576                DAC1_IRQHandler
 .text.ADC1_IRQHandler
                0x0000557e        0x8 ./startup/startup_mk22f51212.o
                0x0000557e                ADC1_IRQHandler
 .text.EnableIRQ
                0x00005586       0x32 ./source/main.o
 .text.PORT_SetPinInterruptConfig
                0x000055b8       0x3a ./source/main.o
 .text.GPIO_PinWrite
                0x000055f2       0x36 ./source/main.o
 .text.GPIO_PinRead
                0x00005628       0x24 ./source/main.o
 .text.FTM_StartTimer
                0x0000564c       0x3a ./source/main.o
 .text.FTM_SetSoftwareTrigger
                0x00005686       0x38 ./source/main.o
 .text.ADC16_EnableHardwareTrigger
                0x000056be       0x38 ./source/main.o
 .text.adjustDirection
                0x000056f6       0x22 ./source/main.o
                0x000056f6                adjustDirection
 .text.HardFault_Handler
                0x00005718       0x36 ./source/semihost_hardfault.o
                0x00005718                HardFault_Handler
 .text.CLOCK_EnableClock
                0x0000574e       0x34 ./drivers/fsl_adc16.o
 .text.ADC16_DoAutoCalibration
                0x00005782      0x130 ./drivers/fsl_adc16.o
                0x00005782                ADC16_DoAutoCalibration
 .text.ADC16_SetHardwareAverage
                0x000058b2       0x3e ./drivers/fsl_adc16.o
                0x000058b2                ADC16_SetHardwareAverage
 .text.ADC16_GetStatusFlags
                0x000058f0       0x42 ./drivers/fsl_adc16.o
                0x000058f0                ADC16_GetStatusFlags
 .text.OSC_SetExtRefClkConfig
                0x00005932       0x40 ./drivers/fsl_clock.o
 .text.OSC_SetCapLoad
                0x00005972       0x34 ./drivers/fsl_clock.o
 .text.CLOCK_GetPll0RefFreq
                0x000059a6        0xe ./drivers/fsl_clock.o
 .text.CLOCK_GetFixedFreqClkFreq
                0x000059b4       0x34 ./drivers/fsl_clock.o
                0x000059b4                CLOCK_GetFixedFreqClkFreq
 .text.CLOCK_EnableClock
                0x000059e8       0x34 ./drivers/fsl_ftm.o
 .text.FTM_SetDeadTimeEnable
                0x00005a1c       0x52 ./drivers/fsl_ftm.o
 .text.FTM_SetComplementaryEnable
                0x00005a6e       0x52 ./drivers/fsl_ftm.o
 .text.FTM_UpdateChnlEdgeLevelSelect
                0x00005ac0       0x4e ./drivers/fsl_ftm.o
                0x00005ac0                FTM_UpdateChnlEdgeLevelSelect
 .text.FTM_GetStatusFlags
                0x00005b0e       0x62 ./drivers/fsl_ftm.o
                0x00005b0e                FTM_GetStatusFlags
 .text.FTM_ClearStatusFlags
                0x00005b70       0x68 ./drivers/fsl_ftm.o
                0x00005b70                FTM_ClearStatusFlags
 .text.GPIO_PinWrite
                0x00005bd8       0x36 ./drivers/fsl_gpio.o
 .text.CLOCK_EnableClock
                0x00005c0e       0x34 ./drivers/fsl_uart.o
 .text.UART_GetStatusFlags
                0x00005c42       0x48 ./drivers/fsl_uart.o
                0x00005c42                UART_GetStatusFlags
 .text.UART_ClearStatusFlags
                0x00005c8a       0x80 ./drivers/fsl_uart.o
                0x00005c8a                UART_ClearStatusFlags
 .text.UART_WriteBlocking
                0x00005d0a       0x40 ./drivers/fsl_uart.o
                0x00005d0a                UART_WriteBlocking
 .text.UART0_RX_TX_DriverIRQHandler
                0x00005d4a       0x12 ./drivers/fsl_uart.o
                0x00005d4a                UART0_RX_TX_DriverIRQHandler
 .text.UART1_RX_TX_DriverIRQHandler
                0x00005d5c       0x12 ./drivers/fsl_uart.o
                0x00005d5c                UART1_RX_TX_DriverIRQHandler
 .text.UART2_RX_TX_DriverIRQHandler
                0x00005d6e       0x12 ./drivers/fsl_uart.o
                0x00005d6e                UART2_RX_TX_DriverIRQHandler
 .text.SystemInitHook
                0x00005d80        0xe ./device/system_MK22F51212.o
                0x00005d80                SystemInitHook
 .text.HAL_UartGetStatus
                0x00005d8e       0x22 ./component/uart/fsl_adapter_uart.o
 .text.FTM1_IRQHandler
                0x00005db0       0x14 ./component/timer/fsl_adapter_ftm.o
                0x00005db0                FTM1_IRQHandler
 .text.BOARD_InitDebugConsole
                0x00005dc4       0x22 ./board/board.o
                0x00005dc4                BOARD_InitDebugConsole
 .text.BOARD_InitBootClocks
                0x00005de6        0xc ./board/clock_config.o
                0x00005de6                BOARD_InitBootClocks
 .text.CLOCK_EnableClock
                0x00005df2       0x34 ./board/pin_mux.o
 .text.PORT_SetPinMux
                0x00005e26       0x3a ./board/pin_mux.o
 .text.BOARD_InitBootPins
                0x00005e60        0xc ./board/pin_mux.o
                0x00005e60                BOARD_InitBootPins
 .text.__main   0x00005e6c        0xe C:/nxp/MCUXpressoIDE_24.12.148/ide/plugins/com.nxp.mcuxpresso.tools.win32_24.12.0.202407110909/tools/bin/../lib/gcc/arm-none-eabi/13.2.1/../../../../arm-none-eabi/lib/thumb/v7e-m+fp/hard\libcr_nohost_nf.a(_cr__main.o)
                0x00005e6c                __main
 .text.memset   0x00005e7a        0x4 C:/nxp/MCUXpressoIDE_24.12.148/ide/plugins/com.nxp.mcuxpresso.tools.win32_24.12.0.202407110909/tools/bin/../lib/gcc/arm-none-eabi/13.2.1/../../../../arm-none-eabi/lib/thumb/v7e-m+fp/hard\libcr_c.a(memset.o)
                0x00005e7a                memset
 .text.free     0x00005e7e       0x30 C:/nxp/MCUXpressoIDE_24.12.148/ide/plugins/com.nxp.mcuxpresso.tools.win32_24.12.0.202407110909/tools/bin/../lib/gcc/arm-none-eabi/13.2.1/../../../../arm-none-eabi/lib/thumb/v7e-m+fp/hard\libcr_c.a(alloc.o)
                0x00005e7e                free
 .text.setvbuf  0x00005eae       0x3e C:/nxp/MCUXpressoIDE_24.12.148/ide/plugins/com.nxp.mcuxpresso.tools.win32_24.12.0.202407110909/tools/bin/../lib/gcc/arm-none-eabi/13.2.1/../../../../arm-none-eabi/lib/thumb/v7e-m+fp/hard\libcr_c.a(setvbuf.o)
                0x00005eae                setvbuf
 .text.strlen   0x00005eec       0x4e C:/nxp/MCUXpressoIDE_24.12.148/ide/plugins/com.nxp.mcuxpresso.tools.win32_24.12.0.202407110909/tools/bin/../lib/gcc/arm-none-eabi/13.2.1/../../../../arm-none-eabi/lib/thumb/v7e-m+fp/hard\libcr_c.a(strlen.o)
                0x00005eec                strlen
 .text._deferredlazyseek
                0x00005f3a       0x40 C:/nxp/MCUXpressoIDE_24.12.148/ide/plugins/com.nxp.mcuxpresso.tools.win32_24.12.0.202407110909/tools/bin/../lib/gcc/arm-none-eabi/13.2.1/../../../../arm-none-eabi/lib/thumb/v7e-m+fp/hard\libcr_c.a(_deferredlazyseek.o)
                0x00005f3a                _deferredlazyseek
 .text._fdopen  0x00005f7a       0x68 C:/nxp/MCUXpressoIDE_24.12.148/ide/plugins/com.nxp.mcuxpresso.tools.win32_24.12.0.202407110909/tools/bin/../lib/gcc/arm-none-eabi/13.2.1/../../../../arm-none-eabi/lib/thumb/v7e-m+fp/hard\libcr_c.a(_fdopen.o)
                0x00005f7a                _fdopen
 .text._fflush  0x00005fe2       0x52 C:/nxp/MCUXpressoIDE_24.12.148/ide/plugins/com.nxp.mcuxpresso.tools.win32_24.12.0.202407110909/tools/bin/../lib/gcc/arm-none-eabi/13.2.1/../../../../arm-none-eabi/lib/thumb/v7e-m+fp/hard\libcr_c.a(_fflush.o)
                0x00005fe2                _fflush
 .text.fclose   0x00006034       0x58 C:/nxp/MCUXpressoIDE_24.12.148/ide/plugins/com.nxp.mcuxpresso.tools.win32_24.12.0.202407110909/tools/bin/../lib/gcc/arm-none-eabi/13.2.1/../../../../arm-none-eabi/lib/thumb/v7e-m+fp/hard\libcr_c.a(fclose.o)
                0x00006034                fclose
 .text.remove   0x0000608c       0x14 C:/nxp/MCUXpressoIDE_24.12.148/ide/plugins/com.nxp.mcuxpresso.tools.win32_24.12.0.202407110909/tools/bin/../lib/gcc/arm-none-eabi/13.2.1/../../../../arm-none-eabi/lib/thumb/v7e-m+fp/hard\libcr_c.a(remove.o)
                0x0000608c                remove
 .text._do_fflush
                0x000060a0       0x40 C:/nxp/MCUXpressoIDE_24.12.148/ide/plugins/com.nxp.mcuxpresso.tools.win32_24.12.0.202407110909/tools/bin/../lib/gcc/arm-none-eabi/13.2.1/../../../../arm-none-eabi/lib/thumb/v7e-m+fp/hard\libcr_c.a(_do_fflush.o)
                0x000060a0                _do_fflush
 .text.__aeabi_division_ldivmod
                0x000060e0       0x26 C:/nxp/MCUXpressoIDE_24.12.148/ide/plugins/com.nxp.mcuxpresso.tools.win32_24.12.0.202407110909/tools/bin/../lib/gcc/arm-none-eabi/13.2.1/thumb/v7e-m+fp/hard\libcr_eabihelpers.a(division_64.o)
                0x000060e0                __aeabi_ldivmod
 .text.__aeabi_division_uldivmod
                0x00006106      0x174 C:/nxp/MCUXpressoIDE_24.12.148/ide/plugins/com.nxp.mcuxpresso.tools.win32_24.12.0.202407110909/tools/bin/../lib/gcc/arm-none-eabi/13.2.1/thumb/v7e-m+fp/hard\libcr_eabihelpers.a(division_64.o)
                0x00006106                __aeabi_uldivmod
                0x0000610a                __bhs_ldivmod1
 .text.__aeabi_division_idiv0
                0x0000627a        0x2 C:/nxp/MCUXpressoIDE_24.12.148/ide/plugins/com.nxp.mcuxpresso.tools.win32_24.12.0.202407110909/tools/bin/../lib/gcc/arm-none-eabi/13.2.1/thumb/v7e-m+fp/hard\libcr_eabihelpers.a(division_idiv0.o)
                0x0000627a                __aeabi_idiv0
 .text.__aeabi_d2iz
                0x0000627c       0x42 C:/nxp/MCUXpressoIDE_24.12.148/ide/plugins/com.nxp.mcuxpresso.tools.win32_24.12.0.202407110909/tools/bin/../lib/gcc/arm-none-eabi/13.2.1/thumb/v7e-m+fp/hard\libcr_eabihelpers.a(double.o)
                0x0000627c                __aeabi_d2iz
 .text.__aeabi_d2lz
                0x000062be       0x74 C:/nxp/MCUXpressoIDE_24.12.148/ide/plugins/com.nxp.mcuxpresso.tools.win32_24.12.0.202407110909/tools/bin/../lib/gcc/arm-none-eabi/13.2.1/thumb/v7e-m+fp/hard\libcr_eabihelpers.a(double.o)
                0x000062be                __aeabi_d2lz
 .text.__bhs_ui2d
                0x00006332       0x46 C:/nxp/MCUXpressoIDE_24.12.148/ide/plugins/com.nxp.mcuxpresso.tools.win32_24.12.0.202407110909/tools/bin/../lib/gcc/arm-none-eabi/13.2.1/thumb/v7e-m+fp/hard\libcr_eabihelpers.a(double.o)
                0x00006332                __bhs_ui2d
 .text.__bhs_ul2d
                0x00006378       0x8a C:/nxp/MCUXpressoIDE_24.12.148/ide/plugins/com.nxp.mcuxpresso.tools.win32_24.12.0.202407110909/tools/bin/../lib/gcc/arm-none-eabi/13.2.1/thumb/v7e-m+fp/hard\libcr_eabihelpers.a(double.o)
                0x00006378                __bhs_ul2d
 .text.__aeabi_i2d
                0x00006402       0x10 C:/nxp/MCUXpressoIDE_24.12.148/ide/plugins/com.nxp.mcuxpresso.tools.win32_24.12.0.202407110909/tools/bin/../lib/gcc/arm-none-eabi/13.2.1/thumb/v7e-m+fp/hard\libcr_eabihelpers.a(double.o)
                0x00006402                __aeabi_i2d
 .text.__aeabi_ui2d
                0x00006412        0x8 C:/nxp/MCUXpressoIDE_24.12.148/ide/plugins/com.nxp.mcuxpresso.tools.win32_24.12.0.202407110909/tools/bin/../lib/gcc/arm-none-eabi/13.2.1/thumb/v7e-m+fp/hard\libcr_eabihelpers.a(double.o)
                0x00006412                __aeabi_ui2d
 .text.__aeabi_l2d
                0x0000641a       0x1c C:/nxp/MCUXpressoIDE_24.12.148/ide/plugins/com.nxp.mcuxpresso.tools.win32_24.12.0.202407110909/tools/bin/../lib/gcc/arm-none-eabi/13.2.1/thumb/v7e-m+fp/hard\libcr_eabihelpers.a(double.o)
                0x0000641a                __aeabi_l2d
 .text.__aeabi_dcmpeq
                0x00006436       0x30 C:/nxp/MCUXpressoIDE_24.12.148/ide/plugins/com.nxp.mcuxpresso.tools.win32_24.12.0.202407110909/tools/bin/../lib/gcc/arm-none-eabi/13.2.1/thumb/v7e-m+fp/hard\libcr_eabihelpers.a(double.o)
                0x00006436                __aeabi_dcmpeq
 .text.__aeabi_dcmplt
                0x00006466       0x56 C:/nxp/MCUXpressoIDE_24.12.148/ide/plugins/com.nxp.mcuxpresso.tools.win32_24.12.0.202407110909/tools/bin/../lib/gcc/arm-none-eabi/13.2.1/thumb/v7e-m+fp/hard\libcr_eabihelpers.a(double.o)
                0x00006466                __aeabi_dcmplt
 .text.__aeabi_dcmpgt
                0x000064bc       0x56 C:/nxp/MCUXpressoIDE_24.12.148/ide/plugins/com.nxp.mcuxpresso.tools.win32_24.12.0.202407110909/tools/bin/../lib/gcc/arm-none-eabi/13.2.1/thumb/v7e-m+fp/hard\libcr_eabihelpers.a(double.o)
                0x000064bc                __aeabi_dcmpgt
 .text.__aeabi_dcmple
                0x00006512       0x54 C:/nxp/MCUXpressoIDE_24.12.148/ide/plugins/com.nxp.mcuxpresso.tools.win32_24.12.0.202407110909/tools/bin/../lib/gcc/arm-none-eabi/13.2.1/thumb/v7e-m+fp/hard\libcr_eabihelpers.a(double.o)
                0x00006512                __aeabi_dcmple
 .text.__aeabi_dcmpge
                0x00006566       0x5a C:/nxp/MCUXpressoIDE_24.12.148/ide/plugins/com.nxp.mcuxpresso.tools.win32_24.12.0.202407110909/tools/bin/../lib/gcc/arm-none-eabi/13.2.1/thumb/v7e-m+fp/hard\libcr_eabihelpers.a(double.o)
                0x00006566                __aeabi_dcmpge
 .text.__aeabi_memset_lowlevel
                0x000065c0       0x32 C:/nxp/MCUXpressoIDE_24.12.148/ide/plugins/com.nxp.mcuxpresso.tools.win32_24.12.0.202407110909/tools/bin/../lib/gcc/arm-none-eabi/13.2.1/thumb/v7e-m+fp/hard\libcr_eabihelpers.a(memcpy.o)
                0x000065c0                __aeabi_lowlevel_memset
 .text.__sys_close
                0x000065f2        0x6 C:/nxp/MCUXpressoIDE_24.12.148/ide/plugins/com.nxp.mcuxpresso.tools.win32_24.12.0.202407110909/tools/bin/../lib/gcc/arm-none-eabi/13.2.1/../../../../arm-none-eabi/lib/thumb/v7e-m+fp/hard\libcr_nohost_nf.a(__sys_close.o)
                0x000065f2                __sys_close
 .text.__sys_flen
                0x000065f8        0x6 C:/nxp/MCUXpressoIDE_24.12.148/ide/plugins/com.nxp.mcuxpresso.tools.win32_24.12.0.202407110909/tools/bin/../lib/gcc/arm-none-eabi/13.2.1/../../../../arm-none-eabi/lib/thumb/v7e-m+fp/hard\libcr_nohost_nf.a(__sys_flen.o)
                0x000065f8                __sys_flen
 .text.__sys_istty
                0x000065fe        0x6 C:/nxp/MCUXpressoIDE_24.12.148/ide/plugins/com.nxp.mcuxpresso.tools.win32_24.12.0.202407110909/tools/bin/../lib/gcc/arm-none-eabi/13.2.1/../../../../arm-none-eabi/lib/thumb/v7e-m+fp/hard\libcr_nohost_nf.a(__sys_istty.o)
                0x000065fe                __sys_istty
 .text.__sys_remove
                0x00006604        0x6 C:/nxp/MCUXpressoIDE_24.12.148/ide/plugins/com.nxp.mcuxpresso.tools.win32_24.12.0.202407110909/tools/bin/../lib/gcc/arm-none-eabi/13.2.1/../../../../arm-none-eabi/lib/thumb/v7e-m+fp/hard\libcr_nohost_nf.a(__sys_remove.o)
                0x00006604                __sys_remove
 .text.__sys_seek
                0x0000660a        0x6 C:/nxp/MCUXpressoIDE_24.12.148/ide/plugins/com.nxp.mcuxpresso.tools.win32_24.12.0.202407110909/tools/bin/../lib/gcc/arm-none-eabi/13.2.1/../../../../arm-none-eabi/lib/thumb/v7e-m+fp/hard\libcr_nohost_nf.a(__sys_seek.o)
                0x0000660a                __sys_seek
 .text.__sys_tmpnam
                0x00006610        0x6 C:/nxp/MCUXpressoIDE_24.12.148/ide/plugins/com.nxp.mcuxpresso.tools.win32_24.12.0.202407110909/tools/bin/../lib/gcc/arm-none-eabi/13.2.1/../../../../arm-none-eabi/lib/thumb/v7e-m+fp/hard\libcr_nohost_nf.a(__sys_tmpnam.o)
                0x00006610                __sys_tmpnam
 .text.__sys_write
                0x00006616        0x4 C:/nxp/MCUXpressoIDE_24.12.148/ide/plugins/com.nxp.mcuxpresso.tools.win32_24.12.0.202407110909/tools/bin/../lib/gcc/arm-none-eabi/13.2.1/../../../../arm-none-eabi/lib/thumb/v7e-m+fp/hard\libcr_nohost_nf.a(__sys_write.o)
                0x00006616                __sys_write
 *(SORT_BY_ALIGNMENT(.rodata) SORT_BY_ALIGNMENT(.rodata.*) SORT_BY_ALIGNMENT(.constdata) SORT_BY_ALIGNMENT(.constdata.*))
 *fill*         0x0000661a        0x6 ff
 .rodata.a2.0   0x00006620       0x40 C:/nxp/MCUXpressoIDE_24.12.148/ide/plugins/com.nxp.mcuxpresso.tools.win32_24.12.0.202407110909/tools/bin/../lib/gcc/arm-none-eabi/13.2.1/../../../../arm-none-eabi/lib/thumb/v7e-m+fp/hard\libcr_c.a(pow.o)
 .rodata.a1.1   0x00006660       0x88 C:/nxp/MCUXpressoIDE_24.12.148/ide/plugins/com.nxp.mcuxpresso.tools.win32_24.12.0.202407110909/tools/bin/../lib/gcc/arm-none-eabi/13.2.1/../../../../arm-none-eabi/lib/thumb/v7e-m+fp/hard\libcr_c.a(pow.o)
 .rodata.__assertion_failed.str1.4
                0x000066e8      0x86a ./utilities/fsl_assert.o
                                 0x14 (size before relaxing)
 .rodata.FTM_CalculateCounterClkDiv.str1.4
                0x00006f52       0xc4 ./source/main.o
 .rodata.ADC16_GetChannelConversionValue.str1.4
                0x00006f52       0x7b ./source/main.o
 .rodata.turn.str1.4
                0x00006f52       0x19 ./source/main.o
 .rodata.detectTrack.str1.4
                0x00006f52       0x1f ./source/main.o
 *fill*         0x00006f52        0x2 ff
 .rodata.s_adc16Bases
                0x00006f54        0x8 ./drivers/fsl_adc16.o
 .rodata.s_adc16Clocks
                0x00006f5c        0x8 ./drivers/fsl_adc16.o
 .rodata.ADC16_GetInstance.str1.4
                0x00006f64       0x35 ./drivers/fsl_adc16.o
 .rodata.ADC16_Init.str1.4
                0x00006f64       0x20 ./drivers/fsl_adc16.o
 .rodata.ADC16_GetDefaultConfig.str1.4
                0x00006f64       0x21 ./drivers/fsl_adc16.o
 .rodata.ADC16_SetChannelConfig.str1.4
                0x00006f64       0x51 ./drivers/fsl_adc16.o
 .rodata.ADC16_GetChannelStatusFlags.str1.4
                0x00006f64       0x2f ./drivers/fsl_adc16.o
 .rodata.CLOCK_GetMcgExtClkFreq.str1.4
                0x00006f64       0x49 ./drivers/fsl_clock.o
 .rodata.CLOCK_GetOsc0ErClkUndivFreq.str1.4
                0x00006f64       0x1e ./drivers/fsl_clock.o
 .rodata.CLOCK_GetOsc0ErClkDivFreq.str1.4
                0x00006f64       0x1e ./drivers/fsl_clock.o
 .rodata.CLOCK_GetEr32kClkFreq.str1.4
                0x00006f64       0x1f ./drivers/fsl_clock.o
 .rodata.CLOCK_GetPll0Freq.str1.4
                0x00006f64       0x1d ./drivers/fsl_clock.o
 .rodata.CLOCK_EnablePll0.str1.4
                0x00006f64       0x1a ./drivers/fsl_clock.o
 .rodata.CLOCK_SetPbeMode.str1.4
                0x00006f64       0x1a ./drivers/fsl_clock.o
 .rodata.CLOCK_BootToPeeMode.str1.4
                0x00006f64       0x1a ./drivers/fsl_clock.o
 .rodata.fllFactorTable.1
                0x00006f64       0x10 ./drivers/fsl_clock.o
 .rodata.s_ftmBases
                0x00006f74       0x10 ./drivers/fsl_ftm.o
 .rodata.s_ftmClocks
                0x00006f84       0x10 ./drivers/fsl_ftm.o
 .rodata.FTM_GetInstance.str1.4
                0x00006f94       0x28 ./drivers/fsl_ftm.o
 .rodata.FTM_SetPwmSync.str1.4
                0x00006f94       0x3b ./drivers/fsl_ftm.o
 .rodata.FTM_SetReloadPoints.str1.4
                0x00006f94       0x20 ./drivers/fsl_ftm.o
 .rodata.FTM_Init.str1.4
                0x00006f94       0x17 ./drivers/fsl_ftm.o
 .rodata.FTM_GetDefaultConfig.str1.4
                0x00006f94       0x1f ./drivers/fsl_ftm.o
 .rodata.FTM_SetupPwm.str1.4
                0x00006f94       0x23 ./drivers/fsl_ftm.o
 .rodata.s_portBases
                0x00006f94       0x14 ./drivers/fsl_gpio.o
 .rodata.s_gpioBases
                0x00006fa8       0x14 ./drivers/fsl_gpio.o
 .rodata.GPIO_GetInstance.str1.4
                0x00006fbc       0x33 ./drivers/fsl_gpio.o
 .rodata.GPIO_PinInit.str1.4
                0x00006fbc       0x20 ./drivers/fsl_gpio.o
 .rodata.s_uartBases
                0x00006fbc        0xc ./drivers/fsl_uart.o
 .rodata.s_uartClock
                0x00006fc8        0xc ./drivers/fsl_uart.o
 .rodata.UART_GetInstance.str1.4
                0x00006fd4       0x2b ./drivers/fsl_uart.o
 .rodata.UART_Init.str1.4
                0x00006fd4       0xfb ./drivers/fsl_uart.o
 .rodata.UART_GetDefaultConfig.str1.4
                0x00006fd4       0x20 ./drivers/fsl_uart.o
 .rodata.UART_ReadBlocking.str1.4
                0x00006fd4       0x1e ./drivers/fsl_uart.o
 .rodata.s_UartAdapterBase
                0x00006fd4        0xc ./component/uart/fsl_adapter_uart.o
 .rodata.HAL_UartInit.str1.4
                0x00006fe0       0xee ./component/uart/fsl_adapter_uart.o
 .rodata.HAL_UartReceiveBlocking.str1.4
                0x00006fe0       0x60 ./component/uart/fsl_adapter_uart.o
 .rodata.HAL_UartSendBlocking.str1.4
                0x00006fe0       0x60 ./component/uart/fsl_adapter_uart.o
 .rodata.s_FtmBase
                0x00006fe0       0x10 ./component/timer/fsl_adapter_ftm.o
 .rodata.mcgConfig_BOARD_BootClockRUN
                0x00006ff0        0xb ./board/clock_config.o
                0x00006ff0                mcgConfig_BOARD_BootClockRUN
 *fill*         0x00006ffb        0x1 ff
 .rodata.simConfig_BOARD_BootClockRUN
                0x00006ffc        0x8 ./board/clock_config.o
                0x00006ffc                simConfig_BOARD_BootClockRUN
 .rodata.oscConfig_BOARD_BootClockRUN
                0x00007004        0x8 ./board/clock_config.o
                0x00007004                oscConfig_BOARD_BootClockRUN
 .rodata.DMAMUX_SetSource.str1.4
                0x0000700c       0x6e ./board/pin_mux.o
 .rodata.__num_Ciob_streams
                0x0000700c        0x4 C:/nxp/MCUXpressoIDE_24.12.148/ide/plugins/com.nxp.mcuxpresso.tools.win32_24.12.0.202407110909/tools/bin/../lib/gcc/arm-none-eabi/13.2.1/../../../../arm-none-eabi/lib/thumb/v7e-m+fp/hard\libcr_nohost_nf.a(__ciob.o)
                0x0000700c                __num_Ciob_streams
 .rodata._initio.str1.1
                0x00007010        0x4 C:/nxp/MCUXpressoIDE_24.12.148/ide/plugins/com.nxp.mcuxpresso.tools.win32_24.12.0.202407110909/tools/bin/../lib/gcc/arm-none-eabi/13.2.1/../../../../arm-none-eabi/lib/thumb/v7e-m+fp/hard\libcr_c.a(initio.o)
                0x0000707c                        . = ALIGN (0x4)

.glue_7         0x00007014        0x0
 .glue_7        0x00007014        0x0 linker stubs

.glue_7t        0x00007014        0x0
 .glue_7t       0x00007014        0x0 linker stubs

.vfp11_veneer   0x00007014        0x0
 .vfp11_veneer  0x00007014        0x0 linker stubs

.v4_bx          0x00007014        0x0
 .v4_bx         0x00007014        0x0 linker stubs

.iplt           0x00007014        0x0
 .iplt          0x00007014        0x0 ./utilities/fsl_assert.o

.rel.dyn        0x00007014        0x0
 .rel.iplt      0x00007014        0x0 ./utilities/fsl_assert.o

.ARM.extab
 *(SORT_BY_ALIGNMENT(.ARM.extab*) SORT_BY_ALIGNMENT(.gnu.linkonce.armextab.*))

.ARM.exidx      0x00007014        0x0
                0x00007014                        __exidx_start = .
 *(SORT_BY_ALIGNMENT(.ARM.exidx*) SORT_BY_ALIGNMENT(.gnu.linkonce.armexidx.*))
                0x00007014                        __exidx_end = .
                0x00007014                        _etext = .

.data_RAM2      0x1fff0000        0x0 load address 0x00007014
 FILL mask 0xff
                [!provide]                        PROVIDE (__start_data_RAM2 = .)
                [!provide]                        PROVIDE (__start_data_SRAM_LOWER = .)
 *(SORT_BY_ALIGNMENT(.ramfunc.$RAM2))
 *(SORT_BY_ALIGNMENT(.ramfunc.$SRAM_LOWER))
 *(SORT_BY_ALIGNMENT(.data.$RAM2))
 *(SORT_BY_ALIGNMENT(.data.$SRAM_LOWER))
 *(SORT_BY_ALIGNMENT(.data.$RAM2.*))
 *(SORT_BY_ALIGNMENT(.data.$SRAM_LOWER.*))
                0x1fff0000                        . = ALIGN (0x4)
                [!provide]                        PROVIDE (__end_data_RAM2 = .)
                [!provide]                        PROVIDE (__end_data_SRAM_LOWER = .)

.uninit_RESERVED
                0x20000000        0x0
                0x20000000                        _start_uninit_RESERVED = .
 *(SORT_BY_ALIGNMENT(.bss.$RESERVED*))
                0x20000000                        . = ALIGN (0x4)
                0x20000000                        _end_uninit_RESERVED = .

.data           0x20000000       0x3c load address 0x00007014
 FILL mask 0xff
                0x20000000                        _data = .
                [!provide]                        PROVIDE (__start_data_RAM = .)
                [!provide]                        PROVIDE (__start_data_SRAM_UPPER = .)
 *(SORT_BY_ALIGNMENT(vtable))
 *(SORT_BY_ALIGNMENT(.ramfunc*))
 *(SORT_BY_ALIGNMENT(CodeQuickAccess))
 *(SORT_BY_ALIGNMENT(DataQuickAccess))
 *(SORT_BY_ALIGNMENT(RamFunction))
 *(SORT_BY_ALIGNMENT(.data*))
 .data.updatedDutycycleTurnMaxRight
                0x20000000        0x4 ./source/main.o
                0x20000000                updatedDutycycleTurnMaxRight
 .data.updatedDutycycleTurnMaxLeft
                0x20000004        0x4 ./source/main.o
                0x20000004                updatedDutycycleTurnMaxLeft
 .data.kp       0x20000008        0x4 ./source/main.o
                0x20000008                kp
 .data.ki       0x2000000c        0x4 ./source/main.o
                0x2000000c                ki
 .data.lastUpdatedDutycycleTurn
                0x20000010        0x4 ./source/main.o
                0x20000010                lastUpdatedDutycycleTurn
 .data.maxIntegralError
                0x20000014        0x4 ./source/main.o
                0x20000014                maxIntegralError
 .data.angle_min
                0x20000018        0x4 ./source/main.o
                0x20000018                angle_min
 .data.angle_max
                0x2000001c        0x4 ./source/main.o
                0x2000001c                angle_max
 .data.duty_max
                0x20000020        0x4 ./source/main.o
                0x20000020                duty_max
 .data.duty_min
                0x20000024        0x4 ./source/main.o
                0x20000024                duty_min
 .data.s_slowIrcFreq
                0x20000028        0x4 ./drivers/fsl_clock.o
 .data.s_fastIrcFreq
                0x2000002c        0x4 ./drivers/fsl_clock.o
 .data.SystemCoreClock
                0x20000030        0x4 ./device/system_MK22F51212.o
                0x20000030                SystemCoreClock
 .data.ftmIsrFlag
                0x20000034        0x1 ./source/main.o
                0x20000034                ftmIsrFlag
 .data.ftm2IsrFlag
                0x20000035        0x1 ./source/main.o
                0x20000035                ftm2IsrFlag
 .data.updatedDutycycleLeft
                0x20000036        0x1 ./source/main.o
                0x20000036                updatedDutycycleLeft
 .data.updatedDutycycleRight
                0x20000037        0x1 ./source/main.o
                0x20000037                updatedDutycycleRight
 .data.updatedDutycycleTurn
                0x20000038        0x1 ./source/main.o
                0x20000038                updatedDutycycleTurn
                0x2000003c                        . = ALIGN (0x4)
 *fill*         0x20000039        0x3 ff
                0x2000003c                        _edata = .
                [!provide]                        PROVIDE (__end_data_RAM = .)
                [!provide]                        PROVIDE (__end_data_SRAM_UPPER = .)

.igot.plt       0x2000003c        0x0 load address 0x00007050
 .igot.plt      0x2000003c        0x0 ./utilities/fsl_assert.o

.bss_RAM2       0x1fff0000        0x0
                [!provide]                        PROVIDE (__start_bss_RAM2 = .)
                [!provide]                        PROVIDE (__start_bss_SRAM_LOWER = .)
 *(SORT_BY_ALIGNMENT(.bss.$RAM2))
 *(SORT_BY_ALIGNMENT(.bss.$SRAM_LOWER))
 *(SORT_BY_ALIGNMENT(.bss.$RAM2.*))
 *(SORT_BY_ALIGNMENT(.bss.$SRAM_LOWER.*))
                0x1fff0000                        . = ALIGN ((. != 0x0)?0x4:0x1)
                [!provide]                        PROVIDE (__end_bss_RAM2 = .)
                [!provide]                        PROVIDE (__end_bss_SRAM_LOWER = .)

.bss            0x2000003c      0x334
                0x2000003c                        _bss = .
                [!provide]                        PROVIDE (__start_bss_RAM = .)
                [!provide]                        PROVIDE (__start_bss_SRAM_UPPER = .)
 *(SORT_BY_ALIGNMENT(.bss*))
 .bss.s_debugConsole
                0x2000003c       0x14 ./utilities/fsl_debug_console.o
 .bss.usTicks   0x20000050        0x4 ./source/main.o
                0x20000050                usTicks
 .bss.usTicksDelay
                0x20000054        0x4 ./source/main.o
                0x20000054                usTicksDelay
 .bss.distance  0x20000058        0x4 ./source/main.o
                0x20000058                distance
 .bss.kd        0x2000005c        0x4 ./source/main.o
                0x2000005c                kd
 .bss.integralError
                0x20000060        0x4 ./source/main.o
                0x20000060                integralError
 .bss.lastError
                0x20000064        0x4 ./source/main.o
                0x20000064                lastError
 .bss.adc16ConfigStruct
                0x20000068        0xa ./source/main.o
                0x20000068                adc16ConfigStruct
 *fill*         0x20000072        0x2 
 .bss.adc16ChannelConfigStruct
                0x20000074        0x8 ./source/main.o
                0x20000074                adc16ChannelConfigStruct
 .bss.pixelArray
                0x2000007c      0x200 ./source/main.o
                0x2000007c                pixelArray
 .bss.angle     0x2000027c        0x4 ./source/main.o
                0x2000027c                angle
 .bss.sum       0x20000280        0x4 ./source/main.o
                0x20000280                sum
 .bss.g_xtal0Freq
                0x20000284        0x4 ./drivers/fsl_clock.o
                0x20000284                g_xtal0Freq
 .bss.g_xtal32Freq
                0x20000288        0x4 ./drivers/fsl_clock.o
                0x20000288                g_xtal32Freq
 .bss.s_lpuartHandle
                0x2000028c        0x4 ./drivers/fsl_lpuart.o
                0x2000028c                s_lpuartHandle
 .bss.s_lpuartIsr
                0x20000290        0x4 ./drivers/fsl_lpuart.o
                0x20000290                s_lpuartIsr
 .bss.s_uartHandle
                0x20000294        0xc ./drivers/fsl_uart.o
                0x20000294                s_uartHandle
 .bss.s_uartIsr
                0x200002a0        0x4 ./drivers/fsl_uart.o
                0x200002a0                s_uartIsr
 .bss.s_timerHandle
                0x200002a4       0x10 ./component/timer/fsl_adapter_ftm.o
 .bss.errno     0x200002b4        0x4 C:/nxp/MCUXpressoIDE_24.12.148/ide/plugins/com.nxp.mcuxpresso.tools.win32_24.12.0.202407110909/tools/bin/../lib/gcc/arm-none-eabi/13.2.1/../../../../arm-none-eabi/lib/thumb/v7e-m+fp/hard\libcr_c.a(errno.o)
                0x200002b4                errno
 .bss.__Ciob    0x200002b8       0xb4 C:/nxp/MCUXpressoIDE_24.12.148/ide/plugins/com.nxp.mcuxpresso.tools.win32_24.12.0.202407110909/tools/bin/../lib/gcc/arm-none-eabi/13.2.1/../../../../arm-none-eabi/lib/thumb/v7e-m+fp/hard\libcr_nohost_nf.a(__ciob.o)
                0x200002b8                __Ciob
 .bss.turnLeft  0x2000036c        0x1 ./source/main.o
                0x2000036c                turnLeft
 .bss.turnRight
                0x2000036d        0x1 ./source/main.o
                0x2000036d                turnRight
 .bss.middle    0x2000036e        0x1 ./source/main.o
                0x2000036e                middle
 .bss.sendNewTrigger
                0x2000036f        0x1 ./source/main.o
                0x2000036f                sendNewTrigger
 *(SORT_BY_ALIGNMENT(COMMON))
                0x20000370                        . = ALIGN (0x4)
                0x20000370                        _ebss = .
                [!provide]                        PROVIDE (__end_bss_RAM = .)
                [!provide]                        PROVIDE (__end_bss_SRAM_UPPER = .)
                [!provide]                        PROVIDE (end = .)

.noinit_RAM2    0x1fff0000        0x0
                [!provide]                        PROVIDE (__start_noinit_RAM2 = .)
                [!provide]                        PROVIDE (__start_noinit_SRAM_LOWER = .)
 *(SORT_BY_ALIGNMENT(.noinit.$RAM2))
 *(SORT_BY_ALIGNMENT(.noinit.$SRAM_LOWER))
 *(SORT_BY_ALIGNMENT(.noinit.$RAM2.*))
 *(SORT_BY_ALIGNMENT(.noinit.$SRAM_LOWER.*))
                0x1fff0000                        . = ALIGN (0x4)
                [!provide]                        PROVIDE (__end_noinit_RAM2 = .)
                [!provide]                        PROVIDE (__end_noinit_SRAM_LOWER = .)

.noinit         0x20000370        0x0
                0x20000370                        _noinit = .
                [!provide]                        PROVIDE (__start_noinit_RAM = .)
                [!provide]                        PROVIDE (__start_noinit_SRAM_UPPER = .)
 *(SORT_BY_ALIGNMENT(.noinit*))
                0x20000370                        . = ALIGN (0x4)
                0x20000370                        _end_noinit = .
                [!provide]                        PROVIDE (__end_noinit_RAM = .)
                [!provide]                        PROVIDE (__end_noinit_SRAM_UPPER = .)
                0x00001000                        _HeapSize = 0x1000

.heap           0x20000370     0x1000
                0x20000370                        _pvHeapStart = .
                0x20001370                        . = (. + _HeapSize)
 *fill*         0x20000370     0x1000 
                0x20001370                        . = ALIGN (0x4)
                0x20001370                        _pvHeapLimit = .
                0x00001000                        _StackSize = 0x1000

.heap2stackfill
                0x20001370     0x1000
                0x20002370                        . = (. + _StackSize)
 *fill*         0x20001370     0x1000 

.stack          0x2000f000        0x0
                0x2000f000                        _vStackBase = .
                0x2000f000                        . = ALIGN (0x4)
                0x20010000                        _vStackTop = (. + _StackSize)
                0x00000000                        _image_start = LOADADDR (.text)
                0x00007050                        _image_end = (LOADADDR (.data) + SIZEOF (.data))
                0x00007050                        _image_size = (_image_end - _image_start)
OUTPUT(frdmk22f_ftm_simple_pwm_PWM.axf elf32-littlearm)
LOAD linker stubs

.debug_info     0x00000000    0x15e63
 .debug_info    0x00000000      0x127 ./utilities/fsl_assert.o
 .debug_info    0x00000127      0xecd ./utilities/fsl_debug_console.o
 .debug_info    0x00000ff4       0x24 ./utilities/fsl_memcpy.o
 .debug_info    0x00001018      0xba4 ./startup/startup_mk22f51212.o
 .debug_info    0x00001bbc     0x2333 ./source/main.o
 .debug_info    0x00003eef       0x3c ./source/semihost_hardfault.o
 .debug_info    0x00003f2b      0xe94 ./drivers/fsl_adc16.o
 .debug_info    0x00004dbf     0x2214 ./drivers/fsl_clock.o
 .debug_info    0x00006fd3     0x16e1 ./drivers/fsl_ftm.o
 .debug_info    0x000086b4      0x6fb ./drivers/fsl_gpio.o
 .debug_info    0x00008daf     0x1f2f ./drivers/fsl_lpuart.o
 .debug_info    0x0000acde     0x1f2d ./drivers/fsl_uart.o
 .debug_info    0x0000cc0b      0x63a ./device/system_MK22F51212.o
 .debug_info    0x0000d245      0xc07 ./component/uart/fsl_adapter_uart.o
 .debug_info    0x0000de4c     0x1450 ./component/timer/fsl_adapter_ftm.o
 .debug_info    0x0000f29c      0x149 ./board/board.o
 .debug_info    0x0000f3e5      0xd76 ./board/clock_config.o
 .debug_info    0x0001015b      0x849 ./board/pin_mux.o
 .debug_info    0x000109a4       0x85 C:/nxp/MCUXpressoIDE_24.12.148/ide/plugins/com.nxp.mcuxpresso.tools.win32_24.12.0.202407110909/tools/bin/../lib/gcc/arm-none-eabi/13.2.1/../../../../arm-none-eabi/lib/thumb/v7e-m+fp/hard\libcr_nohost_nf.a(_cr__main.o)
 .debug_info    0x00010a29       0xfc C:/nxp/MCUXpressoIDE_24.12.148/ide/plugins/com.nxp.mcuxpresso.tools.win32_24.12.0.202407110909/tools/bin/../lib/gcc/arm-none-eabi/13.2.1/../../../../arm-none-eabi/lib/thumb/v7e-m+fp/hard\libcr_c.a(memset.o)
 .debug_info    0x00010b25      0x520 C:/nxp/MCUXpressoIDE_24.12.148/ide/plugins/com.nxp.mcuxpresso.tools.win32_24.12.0.202407110909/tools/bin/../lib/gcc/arm-none-eabi/13.2.1/../../../../arm-none-eabi/lib/thumb/v7e-m+fp/hard\libcr_c.a(alloc.o)
 .debug_info    0x00011045       0x44 C:/nxp/MCUXpressoIDE_24.12.148/ide/plugins/com.nxp.mcuxpresso.tools.win32_24.12.0.202407110909/tools/bin/../lib/gcc/arm-none-eabi/13.2.1/../../../../arm-none-eabi/lib/thumb/v7e-m+fp/hard\libcr_c.a(errno.o)
 .debug_info    0x00011089      0x339 C:/nxp/MCUXpressoIDE_24.12.148/ide/plugins/com.nxp.mcuxpresso.tools.win32_24.12.0.202407110909/tools/bin/../lib/gcc/arm-none-eabi/13.2.1/../../../../arm-none-eabi/lib/thumb/v7e-m+fp/hard\libcr_c.a(initio.o)
 .debug_info    0x000113c2      0x165 C:/nxp/MCUXpressoIDE_24.12.148/ide/plugins/com.nxp.mcuxpresso.tools.win32_24.12.0.202407110909/tools/bin/../lib/gcc/arm-none-eabi/13.2.1/../../../../arm-none-eabi/lib/thumb/v7e-m+fp/hard\libcr_c.a(modf.o)
 .debug_info    0x00011527      0x625 C:/nxp/MCUXpressoIDE_24.12.148/ide/plugins/com.nxp.mcuxpresso.tools.win32_24.12.0.202407110909/tools/bin/../lib/gcc/arm-none-eabi/13.2.1/../../../../arm-none-eabi/lib/thumb/v7e-m+fp/hard\libcr_c.a(pow.o)
 .debug_info    0x00011b4c      0x1fd C:/nxp/MCUXpressoIDE_24.12.148/ide/plugins/com.nxp.mcuxpresso.tools.win32_24.12.0.202407110909/tools/bin/../lib/gcc/arm-none-eabi/13.2.1/../../../../arm-none-eabi/lib/thumb/v7e-m+fp/hard\libcr_c.a(setvbuf.o)
 .debug_info    0x00011d49       0xe1 C:/nxp/MCUXpressoIDE_24.12.148/ide/plugins/com.nxp.mcuxpresso.tools.win32_24.12.0.202407110909/tools/bin/../lib/gcc/arm-none-eabi/13.2.1/../../../../arm-none-eabi/lib/thumb/v7e-m+fp/hard\libcr_c.a(strlen.o)
 .debug_info    0x00011e2a      0x369 C:/nxp/MCUXpressoIDE_24.12.148/ide/plugins/com.nxp.mcuxpresso.tools.win32_24.12.0.202407110909/tools/bin/../lib/gcc/arm-none-eabi/13.2.1/../../../../arm-none-eabi/lib/thumb/v7e-m+fp/hard\libcr_c.a(_deferredlazyseek.o)
 .debug_info    0x00012193      0x24b C:/nxp/MCUXpressoIDE_24.12.148/ide/plugins/com.nxp.mcuxpresso.tools.win32_24.12.0.202407110909/tools/bin/../lib/gcc/arm-none-eabi/13.2.1/../../../../arm-none-eabi/lib/thumb/v7e-m+fp/hard\libcr_c.a(_fdopen.o)
 .debug_info    0x000123de      0x1e3 C:/nxp/MCUXpressoIDE_24.12.148/ide/plugins/com.nxp.mcuxpresso.tools.win32_24.12.0.202407110909/tools/bin/../lib/gcc/arm-none-eabi/13.2.1/../../../../arm-none-eabi/lib/thumb/v7e-m+fp/hard\libcr_c.a(_fflush.o)
 .debug_info    0x000125c1      0x289 C:/nxp/MCUXpressoIDE_24.12.148/ide/plugins/com.nxp.mcuxpresso.tools.win32_24.12.0.202407110909/tools/bin/../lib/gcc/arm-none-eabi/13.2.1/../../../../arm-none-eabi/lib/thumb/v7e-m+fp/hard\libcr_c.a(_writebuf.o)
 .debug_info    0x0001284a      0x318 C:/nxp/MCUXpressoIDE_24.12.148/ide/plugins/com.nxp.mcuxpresso.tools.win32_24.12.0.202407110909/tools/bin/../lib/gcc/arm-none-eabi/13.2.1/../../../../arm-none-eabi/lib/thumb/v7e-m+fp/hard\libcr_c.a(fclose.o)
 .debug_info    0x00012b62      0x209 C:/nxp/MCUXpressoIDE_24.12.148/ide/plugins/com.nxp.mcuxpresso.tools.win32_24.12.0.202407110909/tools/bin/../lib/gcc/arm-none-eabi/13.2.1/../../../../arm-none-eabi/lib/thumb/v7e-m+fp/hard\libcr_c.a(fflush.o)
 .debug_info    0x00012d6b      0x166 C:/nxp/MCUXpressoIDE_24.12.148/ide/plugins/com.nxp.mcuxpresso.tools.win32_24.12.0.202407110909/tools/bin/../lib/gcc/arm-none-eabi/13.2.1/../../../../arm-none-eabi/lib/thumb/v7e-m+fp/hard\libcr_c.a(frexp.o)
 .debug_info    0x00012ed1      0x276 C:/nxp/MCUXpressoIDE_24.12.148/ide/plugins/com.nxp.mcuxpresso.tools.win32_24.12.0.202407110909/tools/bin/../lib/gcc/arm-none-eabi/13.2.1/../../../../arm-none-eabi/lib/thumb/v7e-m+fp/hard\libcr_c.a(fseek.o)
 .debug_info    0x00013147      0x197 C:/nxp/MCUXpressoIDE_24.12.148/ide/plugins/com.nxp.mcuxpresso.tools.win32_24.12.0.202407110909/tools/bin/../lib/gcc/arm-none-eabi/13.2.1/../../../../arm-none-eabi/lib/thumb/v7e-m+fp/hard\libcr_c.a(ftell.o)
 .debug_info    0x000132de      0x14e C:/nxp/MCUXpressoIDE_24.12.148/ide/plugins/com.nxp.mcuxpresso.tools.win32_24.12.0.202407110909/tools/bin/../lib/gcc/arm-none-eabi/13.2.1/../../../../arm-none-eabi/lib/thumb/v7e-m+fp/hard\libcr_c.a(ldexp.o)
 .debug_info    0x0001342c      0x1d7 C:/nxp/MCUXpressoIDE_24.12.148/ide/plugins/com.nxp.mcuxpresso.tools.win32_24.12.0.202407110909/tools/bin/../lib/gcc/arm-none-eabi/13.2.1/../../../../arm-none-eabi/lib/thumb/v7e-m+fp/hard\libcr_c.a(remove.o)
 .debug_info    0x00013603      0x23a C:/nxp/MCUXpressoIDE_24.12.148/ide/plugins/com.nxp.mcuxpresso.tools.win32_24.12.0.202407110909/tools/bin/../lib/gcc/arm-none-eabi/13.2.1/../../../../arm-none-eabi/lib/thumb/v7e-m+fp/hard\libcr_c.a(_do_fflush.o)
 .debug_info    0x0001383d     0x2135 C:/nxp/MCUXpressoIDE_24.12.148/ide/plugins/com.nxp.mcuxpresso.tools.win32_24.12.0.202407110909/tools/bin/../lib/gcc/arm-none-eabi/13.2.1/thumb/v7e-m+fp/hard\libcr_eabihelpers.a(double.o)
 .debug_info    0x00015972      0x18b C:/nxp/MCUXpressoIDE_24.12.148/ide/plugins/com.nxp.mcuxpresso.tools.win32_24.12.0.202407110909/tools/bin/../lib/gcc/arm-none-eabi/13.2.1/../../../../arm-none-eabi/lib/thumb/v7e-m+fp/hard\libcr_nohost_nf.a(__ciob.o)
 .debug_info    0x00015afd       0x6a C:/nxp/MCUXpressoIDE_24.12.148/ide/plugins/com.nxp.mcuxpresso.tools.win32_24.12.0.202407110909/tools/bin/../lib/gcc/arm-none-eabi/13.2.1/../../../../arm-none-eabi/lib/thumb/v7e-m+fp/hard\libcr_nohost_nf.a(__sys_close.o)
 .debug_info    0x00015b67       0x6a C:/nxp/MCUXpressoIDE_24.12.148/ide/plugins/com.nxp.mcuxpresso.tools.win32_24.12.0.202407110909/tools/bin/../lib/gcc/arm-none-eabi/13.2.1/../../../../arm-none-eabi/lib/thumb/v7e-m+fp/hard\libcr_nohost_nf.a(__sys_flen.o)
 .debug_info    0x00015bd1       0x6a C:/nxp/MCUXpressoIDE_24.12.148/ide/plugins/com.nxp.mcuxpresso.tools.win32_24.12.0.202407110909/tools/bin/../lib/gcc/arm-none-eabi/13.2.1/../../../../arm-none-eabi/lib/thumb/v7e-m+fp/hard\libcr_nohost_nf.a(__sys_istty.o)
 .debug_info    0x00015c3b       0x8a C:/nxp/MCUXpressoIDE_24.12.148/ide/plugins/com.nxp.mcuxpresso.tools.win32_24.12.0.202407110909/tools/bin/../lib/gcc/arm-none-eabi/13.2.1/../../../../arm-none-eabi/lib/thumb/v7e-m+fp/hard\libcr_nohost_nf.a(__sys_remove.o)
 .debug_info    0x00015cc5       0x78 C:/nxp/MCUXpressoIDE_24.12.148/ide/plugins/com.nxp.mcuxpresso.tools.win32_24.12.0.202407110909/tools/bin/../lib/gcc/arm-none-eabi/13.2.1/../../../../arm-none-eabi/lib/thumb/v7e-m+fp/hard\libcr_nohost_nf.a(__sys_seek.o)
 .debug_info    0x00015d3d       0x93 C:/nxp/MCUXpressoIDE_24.12.148/ide/plugins/com.nxp.mcuxpresso.tools.win32_24.12.0.202407110909/tools/bin/../lib/gcc/arm-none-eabi/13.2.1/../../../../arm-none-eabi/lib/thumb/v7e-m+fp/hard\libcr_nohost_nf.a(__sys_tmpnam.o)
 .debug_info    0x00015dd0       0x93 C:/nxp/MCUXpressoIDE_24.12.148/ide/plugins/com.nxp.mcuxpresso.tools.win32_24.12.0.202407110909/tools/bin/../lib/gcc/arm-none-eabi/13.2.1/../../../../arm-none-eabi/lib/thumb/v7e-m+fp/hard\libcr_nohost_nf.a(__sys_write.o)

.debug_abbrev   0x00000000     0x44cb
 .debug_abbrev  0x00000000       0xbd ./utilities/fsl_assert.o
 .debug_abbrev  0x000000bd      0x251 ./utilities/fsl_debug_console.o
 .debug_abbrev  0x0000030e       0x14 ./utilities/fsl_memcpy.o
 .debug_abbrev  0x00000322      0x17a ./startup/startup_mk22f51212.o
 .debug_abbrev  0x0000049c      0x481 ./source/main.o
 .debug_abbrev  0x0000091d       0x31 ./source/semihost_hardfault.o
 .debug_abbrev  0x0000094e      0x2a4 ./drivers/fsl_adc16.o
 .debug_abbrev  0x00000bf2      0x378 ./drivers/fsl_clock.o
 .debug_abbrev  0x00000f6a      0x2cd ./drivers/fsl_ftm.o
 .debug_abbrev  0x00001237      0x1c7 ./drivers/fsl_gpio.o
 .debug_abbrev  0x000013fe      0x439 ./drivers/fsl_lpuart.o
 .debug_abbrev  0x00001837      0x44c ./drivers/fsl_uart.o
 .debug_abbrev  0x00001c83      0x148 ./device/system_MK22F51212.o
 .debug_abbrev  0x00001dcb      0x214 ./component/uart/fsl_adapter_uart.o
 .debug_abbrev  0x00001fdf      0x2e2 ./component/timer/fsl_adapter_ftm.o
 .debug_abbrev  0x000022c1       0xb8 ./board/board.o
 .debug_abbrev  0x00002379      0x247 ./board/clock_config.o
 .debug_abbrev  0x000025c0      0x1dc ./board/pin_mux.o
 .debug_abbrev  0x0000279c       0x70 C:/nxp/MCUXpressoIDE_24.12.148/ide/plugins/com.nxp.mcuxpresso.tools.win32_24.12.0.202407110909/tools/bin/../lib/gcc/arm-none-eabi/13.2.1/../../../../arm-none-eabi/lib/thumb/v7e-m+fp/hard\libcr_nohost_nf.a(_cr__main.o)
 .debug_abbrev  0x0000280c       0xa8 C:/nxp/MCUXpressoIDE_24.12.148/ide/plugins/com.nxp.mcuxpresso.tools.win32_24.12.0.202407110909/tools/bin/../lib/gcc/arm-none-eabi/13.2.1/../../../../arm-none-eabi/lib/thumb/v7e-m+fp/hard\libcr_c.a(memset.o)
 .debug_abbrev  0x000028b4      0x284 C:/nxp/MCUXpressoIDE_24.12.148/ide/plugins/com.nxp.mcuxpresso.tools.win32_24.12.0.202407110909/tools/bin/../lib/gcc/arm-none-eabi/13.2.1/../../../../arm-none-eabi/lib/thumb/v7e-m+fp/hard\libcr_c.a(alloc.o)
 .debug_abbrev  0x00002b38       0x44 C:/nxp/MCUXpressoIDE_24.12.148/ide/plugins/com.nxp.mcuxpresso.tools.win32_24.12.0.202407110909/tools/bin/../lib/gcc/arm-none-eabi/13.2.1/../../../../arm-none-eabi/lib/thumb/v7e-m+fp/hard\libcr_c.a(errno.o)
 .debug_abbrev  0x00002b7c      0x169 C:/nxp/MCUXpressoIDE_24.12.148/ide/plugins/com.nxp.mcuxpresso.tools.win32_24.12.0.202407110909/tools/bin/../lib/gcc/arm-none-eabi/13.2.1/../../../../arm-none-eabi/lib/thumb/v7e-m+fp/hard\libcr_c.a(initio.o)
 .debug_abbrev  0x00002ce5      0x104 C:/nxp/MCUXpressoIDE_24.12.148/ide/plugins/com.nxp.mcuxpresso.tools.win32_24.12.0.202407110909/tools/bin/../lib/gcc/arm-none-eabi/13.2.1/../../../../arm-none-eabi/lib/thumb/v7e-m+fp/hard\libcr_c.a(modf.o)
 .debug_abbrev  0x00002de9      0x129 C:/nxp/MCUXpressoIDE_24.12.148/ide/plugins/com.nxp.mcuxpresso.tools.win32_24.12.0.202407110909/tools/bin/../lib/gcc/arm-none-eabi/13.2.1/../../../../arm-none-eabi/lib/thumb/v7e-m+fp/hard\libcr_c.a(pow.o)
 .debug_abbrev  0x00002f12       0xe1 C:/nxp/MCUXpressoIDE_24.12.148/ide/plugins/com.nxp.mcuxpresso.tools.win32_24.12.0.202407110909/tools/bin/../lib/gcc/arm-none-eabi/13.2.1/../../../../arm-none-eabi/lib/thumb/v7e-m+fp/hard\libcr_c.a(setvbuf.o)
 .debug_abbrev  0x00002ff3       0xa7 C:/nxp/MCUXpressoIDE_24.12.148/ide/plugins/com.nxp.mcuxpresso.tools.win32_24.12.0.202407110909/tools/bin/../lib/gcc/arm-none-eabi/13.2.1/../../../../arm-none-eabi/lib/thumb/v7e-m+fp/hard\libcr_c.a(strlen.o)
 .debug_abbrev  0x0000309a      0x152 C:/nxp/MCUXpressoIDE_24.12.148/ide/plugins/com.nxp.mcuxpresso.tools.win32_24.12.0.202407110909/tools/bin/../lib/gcc/arm-none-eabi/13.2.1/../../../../arm-none-eabi/lib/thumb/v7e-m+fp/hard\libcr_c.a(_deferredlazyseek.o)
 .debug_abbrev  0x000031ec      0x119 C:/nxp/MCUXpressoIDE_24.12.148/ide/plugins/com.nxp.mcuxpresso.tools.win32_24.12.0.202407110909/tools/bin/../lib/gcc/arm-none-eabi/13.2.1/../../../../arm-none-eabi/lib/thumb/v7e-m+fp/hard\libcr_c.a(_fdopen.o)
 .debug_abbrev  0x00003305       0xf1 C:/nxp/MCUXpressoIDE_24.12.148/ide/plugins/com.nxp.mcuxpresso.tools.win32_24.12.0.202407110909/tools/bin/../lib/gcc/arm-none-eabi/13.2.1/../../../../arm-none-eabi/lib/thumb/v7e-m+fp/hard\libcr_c.a(_fflush.o)
 .debug_abbrev  0x000033f6      0x126 C:/nxp/MCUXpressoIDE_24.12.148/ide/plugins/com.nxp.mcuxpresso.tools.win32_24.12.0.202407110909/tools/bin/../lib/gcc/arm-none-eabi/13.2.1/../../../../arm-none-eabi/lib/thumb/v7e-m+fp/hard\libcr_c.a(_writebuf.o)
 .debug_abbrev  0x0000351c      0x155 C:/nxp/MCUXpressoIDE_24.12.148/ide/plugins/com.nxp.mcuxpresso.tools.win32_24.12.0.202407110909/tools/bin/../lib/gcc/arm-none-eabi/13.2.1/../../../../arm-none-eabi/lib/thumb/v7e-m+fp/hard\libcr_c.a(fclose.o)
 .debug_abbrev  0x00003671      0x125 C:/nxp/MCUXpressoIDE_24.12.148/ide/plugins/com.nxp.mcuxpresso.tools.win32_24.12.0.202407110909/tools/bin/../lib/gcc/arm-none-eabi/13.2.1/../../../../arm-none-eabi/lib/thumb/v7e-m+fp/hard\libcr_c.a(fflush.o)
 .debug_abbrev  0x00003796      0x114 C:/nxp/MCUXpressoIDE_24.12.148/ide/plugins/com.nxp.mcuxpresso.tools.win32_24.12.0.202407110909/tools/bin/../lib/gcc/arm-none-eabi/13.2.1/../../../../arm-none-eabi/lib/thumb/v7e-m+fp/hard\libcr_c.a(frexp.o)
 .debug_abbrev  0x000038aa      0x11b C:/nxp/MCUXpressoIDE_24.12.148/ide/plugins/com.nxp.mcuxpresso.tools.win32_24.12.0.202407110909/tools/bin/../lib/gcc/arm-none-eabi/13.2.1/../../../../arm-none-eabi/lib/thumb/v7e-m+fp/hard\libcr_c.a(fseek.o)
 .debug_abbrev  0x000039c5       0xc2 C:/nxp/MCUXpressoIDE_24.12.148/ide/plugins/com.nxp.mcuxpresso.tools.win32_24.12.0.202407110909/tools/bin/../lib/gcc/arm-none-eabi/13.2.1/../../../../arm-none-eabi/lib/thumb/v7e-m+fp/hard\libcr_c.a(ftell.o)
 .debug_abbrev  0x00003a87      0x106 C:/nxp/MCUXpressoIDE_24.12.148/ide/plugins/com.nxp.mcuxpresso.tools.win32_24.12.0.202407110909/tools/bin/../lib/gcc/arm-none-eabi/13.2.1/../../../../arm-none-eabi/lib/thumb/v7e-m+fp/hard\libcr_c.a(ldexp.o)
 .debug_abbrev  0x00003b8d       0xfb C:/nxp/MCUXpressoIDE_24.12.148/ide/plugins/com.nxp.mcuxpresso.tools.win32_24.12.0.202407110909/tools/bin/../lib/gcc/arm-none-eabi/13.2.1/../../../../arm-none-eabi/lib/thumb/v7e-m+fp/hard\libcr_c.a(remove.o)
 .debug_abbrev  0x00003c88      0x12c C:/nxp/MCUXpressoIDE_24.12.148/ide/plugins/com.nxp.mcuxpresso.tools.win32_24.12.0.202407110909/tools/bin/../lib/gcc/arm-none-eabi/13.2.1/../../../../arm-none-eabi/lib/thumb/v7e-m+fp/hard\libcr_c.a(_do_fflush.o)
 .debug_abbrev  0x00003db4      0x378 C:/nxp/MCUXpressoIDE_24.12.148/ide/plugins/com.nxp.mcuxpresso.tools.win32_24.12.0.202407110909/tools/bin/../lib/gcc/arm-none-eabi/13.2.1/thumb/v7e-m+fp/hard\libcr_eabihelpers.a(double.o)
 .debug_abbrev  0x0000412c       0xb5 C:/nxp/MCUXpressoIDE_24.12.148/ide/plugins/com.nxp.mcuxpresso.tools.win32_24.12.0.202407110909/tools/bin/../lib/gcc/arm-none-eabi/13.2.1/../../../../arm-none-eabi/lib/thumb/v7e-m+fp/hard\libcr_nohost_nf.a(__ciob.o)
 .debug_abbrev  0x000041e1       0x5c C:/nxp/MCUXpressoIDE_24.12.148/ide/plugins/com.nxp.mcuxpresso.tools.win32_24.12.0.202407110909/tools/bin/../lib/gcc/arm-none-eabi/13.2.1/../../../../arm-none-eabi/lib/thumb/v7e-m+fp/hard\libcr_nohost_nf.a(__sys_close.o)
 .debug_abbrev  0x0000423d       0x5c C:/nxp/MCUXpressoIDE_24.12.148/ide/plugins/com.nxp.mcuxpresso.tools.win32_24.12.0.202407110909/tools/bin/../lib/gcc/arm-none-eabi/13.2.1/../../../../arm-none-eabi/lib/thumb/v7e-m+fp/hard\libcr_nohost_nf.a(__sys_flen.o)
 .debug_abbrev  0x00004299       0x5c C:/nxp/MCUXpressoIDE_24.12.148/ide/plugins/com.nxp.mcuxpresso.tools.win32_24.12.0.202407110909/tools/bin/../lib/gcc/arm-none-eabi/13.2.1/../../../../arm-none-eabi/lib/thumb/v7e-m+fp/hard\libcr_nohost_nf.a(__sys_istty.o)
 .debug_abbrev  0x000042f5       0x7d C:/nxp/MCUXpressoIDE_24.12.148/ide/plugins/com.nxp.mcuxpresso.tools.win32_24.12.0.202407110909/tools/bin/../lib/gcc/arm-none-eabi/13.2.1/../../../../arm-none-eabi/lib/thumb/v7e-m+fp/hard\libcr_nohost_nf.a(__sys_remove.o)
 .debug_abbrev  0x00004372       0x6d C:/nxp/MCUXpressoIDE_24.12.148/ide/plugins/com.nxp.mcuxpresso.tools.win32_24.12.0.202407110909/tools/bin/../lib/gcc/arm-none-eabi/13.2.1/../../../../arm-none-eabi/lib/thumb/v7e-m+fp/hard\libcr_nohost_nf.a(__sys_seek.o)
 .debug_abbrev  0x000043df       0x76 C:/nxp/MCUXpressoIDE_24.12.148/ide/plugins/com.nxp.mcuxpresso.tools.win32_24.12.0.202407110909/tools/bin/../lib/gcc/arm-none-eabi/13.2.1/../../../../arm-none-eabi/lib/thumb/v7e-m+fp/hard\libcr_nohost_nf.a(__sys_tmpnam.o)
 .debug_abbrev  0x00004455       0x76 C:/nxp/MCUXpressoIDE_24.12.148/ide/plugins/com.nxp.mcuxpresso.tools.win32_24.12.0.202407110909/tools/bin/../lib/gcc/arm-none-eabi/13.2.1/../../../../arm-none-eabi/lib/thumb/v7e-m+fp/hard\libcr_nohost_nf.a(__sys_write.o)

.debug_aranges  0x00000000     0x11f8
 .debug_aranges
                0x00000000       0x28 ./utilities/fsl_assert.o
 .debug_aranges
                0x00000028       0x80 ./utilities/fsl_debug_console.o
 .debug_aranges
                0x000000a8       0x20 ./utilities/fsl_memcpy.o
 .debug_aranges
                0x000000c8      0x2d0 ./startup/startup_mk22f51212.o
 .debug_aranges
                0x00000398      0x120 ./source/main.o
 .debug_aranges
                0x000004b8       0x20 ./source/semihost_hardfault.o
 .debug_aranges
                0x000004d8       0x88 ./drivers/fsl_adc16.o
 .debug_aranges
                0x00000560      0x208 ./drivers/fsl_clock.o
 .debug_aranges
                0x00000768       0xd8 ./drivers/fsl_ftm.o
 .debug_aranges
                0x00000840       0x40 ./drivers/fsl_gpio.o
 .debug_aranges
                0x00000880      0x158 ./drivers/fsl_lpuart.o
 .debug_aranges
                0x000009d8      0x188 ./drivers/fsl_uart.o
 .debug_aranges
                0x00000b60       0x30 ./device/system_MK22F51212.o
 .debug_aranges
                0x00000b90       0x50 ./component/uart/fsl_adapter_uart.o
 .debug_aranges
                0x00000be0       0xb0 ./component/timer/fsl_adapter_ftm.o
 .debug_aranges
                0x00000c90       0x20 ./board/board.o
 .debug_aranges
                0x00000cb0       0x60 ./board/clock_config.o
 .debug_aranges
                0x00000d10       0x40 ./board/pin_mux.o
 .debug_aranges
                0x00000d50       0x20 C:/nxp/MCUXpressoIDE_24.12.148/ide/plugins/com.nxp.mcuxpresso.tools.win32_24.12.0.202407110909/tools/bin/../lib/gcc/arm-none-eabi/13.2.1/../../../../arm-none-eabi/lib/thumb/v7e-m+fp/hard\libcr_nohost_nf.a(_cr__main.o)
 .debug_aranges
                0x00000d70       0x20 C:/nxp/MCUXpressoIDE_24.12.148/ide/plugins/com.nxp.mcuxpresso.tools.win32_24.12.0.202407110909/tools/bin/../lib/gcc/arm-none-eabi/13.2.1/../../../../arm-none-eabi/lib/thumb/v7e-m+fp/hard\libcr_c.a(memset.o)
 .debug_aranges
                0x00000d90       0x40 C:/nxp/MCUXpressoIDE_24.12.148/ide/plugins/com.nxp.mcuxpresso.tools.win32_24.12.0.202407110909/tools/bin/../lib/gcc/arm-none-eabi/13.2.1/../../../../arm-none-eabi/lib/thumb/v7e-m+fp/hard\libcr_c.a(alloc.o)
 .debug_aranges
                0x00000dd0       0x18 C:/nxp/MCUXpressoIDE_24.12.148/ide/plugins/com.nxp.mcuxpresso.tools.win32_24.12.0.202407110909/tools/bin/../lib/gcc/arm-none-eabi/13.2.1/../../../../arm-none-eabi/lib/thumb/v7e-m+fp/hard\libcr_c.a(errno.o)
 .debug_aranges
                0x00000de8       0x28 C:/nxp/MCUXpressoIDE_24.12.148/ide/plugins/com.nxp.mcuxpresso.tools.win32_24.12.0.202407110909/tools/bin/../lib/gcc/arm-none-eabi/13.2.1/../../../../arm-none-eabi/lib/thumb/v7e-m+fp/hard\libcr_c.a(initio.o)
 .debug_aranges
                0x00000e10       0x20 C:/nxp/MCUXpressoIDE_24.12.148/ide/plugins/com.nxp.mcuxpresso.tools.win32_24.12.0.202407110909/tools/bin/../lib/gcc/arm-none-eabi/13.2.1/../../../../arm-none-eabi/lib/thumb/v7e-m+fp/hard\libcr_c.a(modf.o)
 .debug_aranges
                0x00000e30       0x20 C:/nxp/MCUXpressoIDE_24.12.148/ide/plugins/com.nxp.mcuxpresso.tools.win32_24.12.0.202407110909/tools/bin/../lib/gcc/arm-none-eabi/13.2.1/../../../../arm-none-eabi/lib/thumb/v7e-m+fp/hard\libcr_c.a(pow.o)
 .debug_aranges
                0x00000e50       0x20 C:/nxp/MCUXpressoIDE_24.12.148/ide/plugins/com.nxp.mcuxpresso.tools.win32_24.12.0.202407110909/tools/bin/../lib/gcc/arm-none-eabi/13.2.1/../../../../arm-none-eabi/lib/thumb/v7e-m+fp/hard\libcr_c.a(setvbuf.o)
 .debug_aranges
                0x00000e70       0x20 C:/nxp/MCUXpressoIDE_24.12.148/ide/plugins/com.nxp.mcuxpresso.tools.win32_24.12.0.202407110909/tools/bin/../lib/gcc/arm-none-eabi/13.2.1/../../../../arm-none-eabi/lib/thumb/v7e-m+fp/hard\libcr_c.a(strlen.o)
 .debug_aranges
                0x00000e90       0x28 C:/nxp/MCUXpressoIDE_24.12.148/ide/plugins/com.nxp.mcuxpresso.tools.win32_24.12.0.202407110909/tools/bin/../lib/gcc/arm-none-eabi/13.2.1/../../../../arm-none-eabi/lib/thumb/v7e-m+fp/hard\libcr_c.a(_deferredlazyseek.o)
 .debug_aranges
                0x00000eb8       0x20 C:/nxp/MCUXpressoIDE_24.12.148/ide/plugins/com.nxp.mcuxpresso.tools.win32_24.12.0.202407110909/tools/bin/../lib/gcc/arm-none-eabi/13.2.1/../../../../arm-none-eabi/lib/thumb/v7e-m+fp/hard\libcr_c.a(_fdopen.o)
 .debug_aranges
                0x00000ed8       0x20 C:/nxp/MCUXpressoIDE_24.12.148/ide/plugins/com.nxp.mcuxpresso.tools.win32_24.12.0.202407110909/tools/bin/../lib/gcc/arm-none-eabi/13.2.1/../../../../arm-none-eabi/lib/thumb/v7e-m+fp/hard\libcr_c.a(_fflush.o)
 .debug_aranges
                0x00000ef8       0x20 C:/nxp/MCUXpressoIDE_24.12.148/ide/plugins/com.nxp.mcuxpresso.tools.win32_24.12.0.202407110909/tools/bin/../lib/gcc/arm-none-eabi/13.2.1/../../../../arm-none-eabi/lib/thumb/v7e-m+fp/hard\libcr_c.a(_writebuf.o)
 .debug_aranges
                0x00000f18       0x20 C:/nxp/MCUXpressoIDE_24.12.148/ide/plugins/com.nxp.mcuxpresso.tools.win32_24.12.0.202407110909/tools/bin/../lib/gcc/arm-none-eabi/13.2.1/../../../../arm-none-eabi/lib/thumb/v7e-m+fp/hard\libcr_c.a(fclose.o)
 .debug_aranges
                0x00000f38       0x20 C:/nxp/MCUXpressoIDE_24.12.148/ide/plugins/com.nxp.mcuxpresso.tools.win32_24.12.0.202407110909/tools/bin/../lib/gcc/arm-none-eabi/13.2.1/../../../../arm-none-eabi/lib/thumb/v7e-m+fp/hard\libcr_c.a(fflush.o)
 .debug_aranges
                0x00000f58       0x20 C:/nxp/MCUXpressoIDE_24.12.148/ide/plugins/com.nxp.mcuxpresso.tools.win32_24.12.0.202407110909/tools/bin/../lib/gcc/arm-none-eabi/13.2.1/../../../../arm-none-eabi/lib/thumb/v7e-m+fp/hard\libcr_c.a(frexp.o)
 .debug_aranges
                0x00000f78       0x20 C:/nxp/MCUXpressoIDE_24.12.148/ide/plugins/com.nxp.mcuxpresso.tools.win32_24.12.0.202407110909/tools/bin/../lib/gcc/arm-none-eabi/13.2.1/../../../../arm-none-eabi/lib/thumb/v7e-m+fp/hard\libcr_c.a(fseek.o)
 .debug_aranges
                0x00000f98       0x20 C:/nxp/MCUXpressoIDE_24.12.148/ide/plugins/com.nxp.mcuxpresso.tools.win32_24.12.0.202407110909/tools/bin/../lib/gcc/arm-none-eabi/13.2.1/../../../../arm-none-eabi/lib/thumb/v7e-m+fp/hard\libcr_c.a(ftell.o)
 .debug_aranges
                0x00000fb8       0x20 C:/nxp/MCUXpressoIDE_24.12.148/ide/plugins/com.nxp.mcuxpresso.tools.win32_24.12.0.202407110909/tools/bin/../lib/gcc/arm-none-eabi/13.2.1/../../../../arm-none-eabi/lib/thumb/v7e-m+fp/hard\libcr_c.a(ldexp.o)
 .debug_aranges
                0x00000fd8       0x28 C:/nxp/MCUXpressoIDE_24.12.148/ide/plugins/com.nxp.mcuxpresso.tools.win32_24.12.0.202407110909/tools/bin/../lib/gcc/arm-none-eabi/13.2.1/../../../../arm-none-eabi/lib/thumb/v7e-m+fp/hard\libcr_c.a(remove.o)
 .debug_aranges