D:\Downloads\frdmk22f_NXPCup\CMSIS/core_cm4.h:1684:22:__NVIC_EnableIRQ	16	static
../drivers/fsl_clock.h:627:20:CLOCK_EnableClock	24	static
../drivers/fsl_clock.h:638:20:CLOCK_DisableClock	24	static
../drivers/fsl_common_arm.h:570:24:EnableIRQ	24	static
../drivers/fsl_common_arm.h:788:24:DisableGlobalIRQ	16	static
../drivers/fsl_common_arm.h:814:20:EnableGlobalIRQ	24	static
../drivers/fsl_uart.h:396:20:UART_Set9thTransmitBit	16	static
../drivers/fsl_uart.h:406:20:UART_Clear9thTransmitBit	16	static
../drivers/fsl_uart.h:653:20:UART_WriteByte	16	static
../drivers/fsl_uart.c:128:10:UART_GetInstance	24	static
../drivers/fsl_uart.c:153:8:UART_TransferGetRxRingBufferLength	24	static
../drivers/fsl_uart.c:173:13:UART_TransferIsRxRingBufferFull	24	static
../drivers/fsl_uart.c:213:10:UART_Init	48	static
../drivers/fsl_uart.c:358:6:UART_Deinit	16	static
../drivers/fsl_uart.c:397:6:UART_GetDefaultConfig	16	static
../drivers/fsl_uart.c:437:10:UART_SetBaudRate	48	static
../drivers/fsl_uart.c:513:6:UART_Enable9bitMode	24	static
../drivers/fsl_uart.c:540:6:UART_SendAddress	16	static
../drivers/fsl_uart.c:566:6:UART_EnableInterrupts	16	static
../drivers/fsl_uart.c:594:6:UART_DisableInterrupts	16	static
../drivers/fsl_uart.c:629:10:UART_GetEnabledInterrupts	24	static
../drivers/fsl_uart.c:661:10:UART_GetStatusFlags	24	static
../drivers/fsl_uart.c:696:10:UART_ClearStatusFlags	24	static
../drivers/fsl_uart.c:756:10:UART_WriteBlocking	24	static
../drivers/fsl_uart.c:797:13:UART_WriteNonBlocking	32	static
../drivers/fsl_uart.c:827:10:UART_ReadBlocking	32	static
../drivers/fsl_uart.c:905:13:UART_ReadNonBlocking	32	static
../drivers/fsl_uart.c:931:6:UART_TransferCreateHandle	32	static
../drivers/fsl_uart.c:979:6:UART_TransferStartRingBuffer	32	static
../drivers/fsl_uart.c:1011:6:UART_TransferStopRingBuffer	24	static
../drivers/fsl_uart.c:1055:10:UART_TransferSendNonBlocking	32	static
../drivers/fsl_uart.c:1098:6:UART_TransferAbortSend	24	static
../drivers/fsl_uart.c:1123:10:UART_TransferGetSendCount	24	static
../drivers/fsl_uart.c:1174:10:UART_TransferReceiveNonBlocking	56	static
../drivers/fsl_uart.c:1319:6:UART_TransferAbortReceive	24	static
../drivers/fsl_uart.c:1356:10:UART_TransferGetReceiveCount	24	static
../drivers/fsl_uart.c:1387:10:UART_EnableTxFIFO	24	static
../drivers/fsl_uart.c:1432:10:UART_EnableRxFIFO	24	static
../drivers/fsl_uart.c:1475:6:UART_TransferHandleIRQ	48	static
../drivers/fsl_uart.c:1801:6:UART_TransferHandleErrorIRQ	16	static
../drivers/fsl_uart.c:1836:6:UART0_DriverIRQHandler	8	static
../drivers/fsl_uart.c:1843:6:UART0_RX_TX_DriverIRQHandler	8	static
../drivers/fsl_uart.c:1853:6:UART1_DriverIRQHandler	8	static
../drivers/fsl_uart.c:1860:6:UART1_RX_TX_DriverIRQHandler	8	static
../drivers/fsl_uart.c:1883:6:UART2_DriverIRQHandler	8	static
../drivers/fsl_uart.c:1890:6:UART2_RX_TX_DriverIRQHandler	8	static
